[Warning] [omni.isaac.kit.simulation_app] Modules: ['omni.kit_app'] were loaded before SimulationApp was started and might not be loaded correctly.
[Warning] [omni.isaac.kit.simulation_app] Please check to make sure no extra omniverse or pxr modules are imported before the call to SimulationApp(...)
[Info] [carb] Logging to file: /cpfs/user/zhuzihou/conda-managed/envs/embodied-eval-os-isaacsim41-py310/lib/python3.10/site-packages/omni/logs/Kit/Isaac-Sim/4.1/kit_20260705_130102.log
2026-07-05 05:01:02 [1ms] [Warning] [omni.kit.app.plugin] No crash reporter present, dumps uploading isn't available.
[0.294s] [ext: omni.kit.async_engine-0.0.0] startup
[3.913s] [ext: omni.stats-1.0.1] startup
[3.915s] [ext: omni.client-1.1.0] startup
[4.018s] [ext: omni.datastore-0.0.0] startup
[4.021s] [ext: omni.blobkey-1.1.0] startup
[4.022s] [ext: omni.ujitso.default-1.0.0] startup
[4.025s] [ext: omni.hsscclient-0.0.0] startup
[4.027s] [ext: omni.rtx.shadercache.vulkan-1.0.0] startup
[4.033s] [ext: omni.assets.plugins-0.0.0] startup
[4.047s] [ext: omni.gpu_foundation-0.0.0] startup
[4.101s] [ext: carb.windowing.plugins-1.0.0] startup
2026-07-05 05:01:06 [4,058ms] [Warning] [carb.windowing-glfw.plugin] GLFW initialization failed.
2026-07-05 05:01:06 [4,058ms] [Warning] [carb] Failed to startup plugin carb.windowing-glfw.plugin (interfaces: [carb::windowing::IGLContext v1.0],[carb::windowing::IWindowing v1.4]) (impl: carb.windowing-glfw.plugin)
[4.104s] [ext: omni.kit.renderer.init-0.0.0] startup
2026-07-05 05:01:06 [4,104ms] [Warning] [omni.platforminfo.plugin] failed to open the default display.  Can't verify X Server version.

|---------------------------------------------------------------------------------------------|
| Driver Version: 570.153.02    | Graphics API: Vulkan
|=============================================================================================|
| GPU | Name                             | Active | LDA | GPU Memory | Vendor-ID | LUID       |
|     |                                  |        |     |            | Device-ID | UUID       |
|     |                                  |        |     |            | Bus-ID    |            |
|---------------------------------------------------------------------------------------------|
| 0   | NVIDIA GeForce RTX 4090          | Yes: 0 |     | 46314   MB | 10de      | 0          |
|     |                                  |        |     |            | 2684      | f12b8fdb.. |
|     |                                  |        |     |            | 8         |            |
|=============================================================================================|
| OS: 22.04.5 LTS (Jammy Jellyfish) ubuntu, Version: 22.04.5, Kernel: 5.10.134-17.3.al8.x86_64
| Processor: Intel(R) Xeon(R) Gold 6462C | Cores: 64 | Logical: 128
|---------------------------------------------------------------------------------------------|
| Total Memory (MB): 1031320 | Free Memory: 81059
| Total Page/Swap (MB): 0 | Free Page/Swap: 0
|---------------------------------------------------------------------------------------------|
2026-07-05 05:01:07 [4,861ms] [Warning] [gpu.foundation.plugin] ECC is enabled on physical device 0
2026-07-05 05:01:07 [4,862ms] [Warning] [gpu.foundation.plugin] IOMMU is enabled.
[5.102s] [ext: omni.kit.pipapi-0.0.0] startup
[5.105s] [ext: omni.kit.pip_archive-0.0.0] startup
[5.106s] [ext: omni.mtlx-0.1.0] startup
[5.108s] [ext: omni.usd.config-1.0.4] startup
[5.170s] [ext: omni.gpucompute.plugins-0.0.0] startup
[5.172s] [ext: omni.usd.libs-1.0.1] startup
[5.352s] [ext: omni.kit.telemetry-0.5.0] startup
[5.402s] [ext: omni.kit.loop-isaac-1.2.0] startup
[5.405s] [ext: omni.kit.test-0.0.0] startup
[5.602s] [ext: omni.appwindow-1.1.8] startup
2026-07-05 05:01:07 [5,559ms] [Warning] [carb.windowing-glfw.plugin] GLFW initialization failed.
2026-07-05 05:01:07 [5,559ms] [Warning] [carb] Failed to startup plugin carb.windowing-glfw.plugin (interfaces: [carb::windowing::IGLContext v1.0],[carb::windowing::IWindowing v1.4]) (impl: carb.windowing-glfw.plugin)
[5.608s] [ext: omni.kit.renderer.core-1.0.1] startup
2026-07-05 05:01:07 [5,566ms] [Warning] [carb.windowing-glfw.plugin] GLFW initialization failed.
2026-07-05 05:01:07 [5,566ms] [Warning] [carb] Failed to startup plugin carb.windowing-glfw.plugin (interfaces: [carb::windowing::IGLContext v1.0],[carb::windowing::IWindowing v1.4]) (impl: carb.windowing-glfw.plugin)
2026-07-05 05:01:07 [5,573ms] [Warning] [carb.windowing-glfw.plugin] GLFW initialization failed.
2026-07-05 05:01:07 [5,573ms] [Warning] [carb] Failed to startup plugin carb.windowing-glfw.plugin (interfaces: [carb::windowing::IGLContext v1.0],[carb::windowing::IWindowing v1.4]) (impl: carb.windowing-glfw.plugin)
[5.622s] [ext: omni.kit.renderer.capture-0.0.0] startup
[5.629s] [ext: omni.kit.renderer.imgui-1.0.1] startup
2026-07-05 05:01:07 [5,598ms] [Warning] [carb.windowing-glfw.plugin] GLFW initialization failed.
2026-07-05 05:01:07 [5,598ms] [Warning] [carb] Failed to startup plugin carb.windowing-glfw.plugin (interfaces: [carb::windowing::IGLContext v1.0],[carb::windowing::IWindowing v1.4]) (impl: carb.windowing-glfw.plugin)
2026-07-05 05:01:07 [5,599ms] [Warning] [carb.windowing-glfw.plugin] GLFW initialization failed.
2026-07-05 05:01:07 [5,599ms] [Warning] [carb] Failed to startup plugin carb.windowing-glfw.plugin (interfaces: [carb::windowing::IGLContext v1.0],[carb::windowing::IWindowing v1.4]) (impl: carb.windowing-glfw.plugin)
2026-07-05 05:01:07 [5,600ms] [Warning] [carb.windowing-glfw.plugin] GLFW initialization failed.
2026-07-05 05:01:07 [5,600ms] [Warning] [carb] Failed to startup plugin carb.windowing-glfw.plugin (interfaces: [carb::windowing::IGLContext v1.0],[carb::windowing::IWindowing v1.4]) (impl: carb.windowing-glfw.plugin)
[5.743s] [ext: omni.ui-2.23.11] startup
[5.769s] [ext: omni.kit.mainwindow-1.0.3] startup
[5.777s] [ext: carb.audio-0.1.0] startup
[5.789s] [ext: omni.uiaudio-1.0.0] startup
[5.792s] [ext: omni.kit.uiapp-0.0.0] startup
[5.792s] [ext: omni.usd.schema.audio-0.0.0] startup
[5.934s] [ext: omni.usd.schema.physx-106.0.20] startup
[5.986s] [ext: omni.usd.schema.forcefield-106.0.20] startup
[5.994s] [ext: omni.usd.schema.anim-0.0.0] startup
[6.024s] [ext: omni.usd.schema.omniscripting-1.0.0] startup
[6.033s] [ext: omni.usd.schema.omnigraph-1.0.0] startup
[6.043s] [ext: omni.anim.graph.schema-106.0.2] startup
[6.058s] [ext: omni.anim.navigation.schema-106.0.2] startup
[6.065s] [ext: omni.usd.schema.isaac-2.1.0] startup
[6.079s] [ext: omni.usd.schema.semantics-0.0.0] startup
[6.084s] [ext: omni.usd.schema.geospatial-0.0.0] startup
[6.090s] [ext: omni.usd.schema.scene.visualization-2.0.2] startup
[6.097s] [ext: omni.graph.exec-0.9.3] startup
[6.099s] [ext: omni.usd_resolver-1.0.0] startup
[6.114s] [ext: omni.activity.core-1.0.1] startup
[6.118s] [ext: omni.kit.usd_undo-0.1.8] startup
[6.119s] [ext: omni.kit.exec.core-0.13.2] startup
[6.128s] [ext: omni.usd.core-1.2.11] startup
[6.138s] [ext: omni.kit.actions.core-1.0.0] startup
[6.143s] [ext: omni.resourcemonitor-105.0.1] startup
[6.149s] [ext: omni.kit.window.popup_dialog-2.0.24] startup
[6.157s] [ext: omni.timeline-1.0.10] startup
[6.160s] [ext: omni.kit.commands-1.4.9] startup
[6.170s] [ext: usdrt.scenegraph-7.4.8] startup
[6.229s] [ext: omni.kit.widget.nucleus_connector-1.1.8] startup
[6.233s] [ext: omni.kit.audiodeviceenum-1.0.1] startup
[6.237s] [ext: omni.hydra.usdrt_delegate-7.4.7] startup
[6.264s] [ext: omni.hydra.scene_delegate-0.3.3] startup
[6.272s] [ext: omni.kit.collaboration.telemetry-1.0.0] startup
[6.274s] [ext: omni.usd-1.11.2] startup
[6.330s] [ext: omni.kit.collaboration.channel_manager-1.0.11] startup
[6.332s] [ext: omni.kit.usd.layers-2.1.31] startup
[6.353s] [ext: omni.kit.collaboration.presence_layer-1.0.8] startup
[6.358s] [ext: omni.kit.window.cursor-1.1.2] startup
[6.362s] [ext: omni.kit.menu.utils-1.5.27] startup
[6.383s] [ext: omni.iray.libs-0.0.0] startup
[6.716s] [ext: omni.kit.primitive.mesh-1.0.16] startup
[6.726s] [ext: omni.mdl.neuraylib-0.2.5] startup
[6.730s] [ext: omni.hydra.engine.stats-1.0.2] startup
[6.736s] [ext: omni.kit.widget.searchable_combobox-1.0.6] startup
[6.739s] [ext: omni.kit.widget.path_field-2.0.9] startup
[6.741s] [ext: omni.kit.clipboard-1.0.3] startup
[6.743s] [ext: omni.ujitso.processor.texture-1.0.0] startup
[6.745s] [ext: omni.kit.widget.browser_bar-2.0.10] startup
[6.748s] [ext: omni.kit.notification_manager-1.0.8] startup
[6.757s] [ext: omni.volume-0.5.0] startup
[6.770s] [ext: omni.ujitso.client-0.0.0] startup
[6.771s] [ext: omni.kit.helper.file_utils-0.1.8] startup
[6.774s] [ext: omni.kit.widget.nucleus_info-1.0.2] startup
[6.776s] [ext: omni.kit.widget.filebrowser-2.10.48] startup
[6.791s] [ext: omni.kit.search_core-1.0.5] startup
[6.793s] [ext: omni.kit.widget.options_menu-1.1.4] startup
[6.801s] [ext: omni.ui.scene-1.9.3] startup
[6.809s] [ext: omni.kit.widget.search_delegate-1.0.4] startup
[6.812s] [ext: omni.kit.widget.options_button-1.0.2] startup
[6.814s] [ext: omni.kit.widget.context_menu-1.2.1] startup
[6.817s] [ext: omni.kit.hotkeys.core-1.3.3] startup
[6.817s] [ext: omni.kit.window.filepicker-2.10.34] startup
[6.852s] [ext: omni.hydra.rtx-0.2.0] startup
[6.933s] [ext: omni.kit.context_menu-1.8.0] startup
[6.937s] [ext: omni.mdl-52.0.1] startup
[6.961s] [ext: omni.kit.window.file_importer-1.1.11] startup
[6.964s] [ext: omni.kit.raycast.query-1.0.5] startup
[6.974s] [ext: omni.kit.viewport.registry-104.0.6] startup
[6.976s] [ext: omni.kit.viewport.legacy_gizmos-1.0.15] startup
[6.981s] [ext: omni.kit.material.library-1.4.4] startup
[6.991s] [ext: omni.kit.window.file_exporter-1.0.29] startup
[6.993s] [ext: omni.kit.hydra_texture-1.2.6] startup
[7.003s] [ext: omni.kit.window.drop_support-1.0.2] startup
[7.004s] [ext: omni.kit.widget.viewport-106.0.3] startup
[7.013s] [ext: omni.kit.widget.filter-1.1.4] startup
[7.015s] [ext: omni.kit.viewport.window-106.0.8] startup
[7.046s] [ext: omni.kit.widget.settings-1.1.1] startup
[7.050s] [ext: omni.kit.widget.prompt-1.0.7] startup
[7.052s] [ext: omni.kit.viewport.utility-1.0.17] startup
[7.053s] [ext: omni.kit.window.preferences-1.5.3] startup
[7.085s] [ext: omni.kit.widget.live_session_management.ui-1.0.1] startup
[7.092s] [ext: omni.kit.viewport.actions-106.0.3] startup
[7.097s] [ext: omni.kit.widget.stage-2.10.26] startup
[7.120s] [ext: omni.kit.stage_template.core-1.1.21] startup
[7.122s] [ext: omni.kit.widget.live_session_management-1.2.18] startup
[7.128s] [ext: omni.kit.viewport.menubar.core-106.0.2] startup
[7.173s] [ext: omni.kit.manipulator.transform-104.7.5] startup
[7.178s] [ext: omni.kit.stage_templates-1.2.3] startup
[7.183s] [ext: omni.debugdraw-0.1.3] startup
[7.192s] [ext: omni.kit.viewport.menubar.display-106.0.2] startup
[7.196s] [ext: omni.kvdb-106.0.20] startup
[7.201s] [ext: omni.inspect-1.0.1] startup
[7.206s] [ext: omni.kit.window.file-1.3.52] startup
[7.212s] [ext: omni.kit.window.content_browser_registry-0.0.6] startup
[7.213s] [ext: omni.usdphysics-106.0.20] startup
[7.217s] [ext: omni.convexdecomposition-106.0.20] startup
[7.228s] [ext: omni.kit.window.content_browser-2.9.14] startup
[7.247s] [ext: omni.usdphysics.ui-106.0.20] startup
[7.274s] [ext: omni.localcache-106.0.20] startup
[7.279s] [ext: omni.physx.foundation-106.0.20] startup
[7.280s] [ext: omni.kit.widget.highlight_label-1.0.2] startup
[7.282s] [ext: omni.graph.core-2.170.3] startup
[7.291s] [ext: omni.kit.widget.searchfield-1.1.6] startup
[7.294s] [ext: omni.physx.cooking-106.0.20] startup
[7.385s] [ext: omni.kit.widget.text_editor-1.0.2] startup
[7.388s] [ext: omni.graph.image.core-0.3.2] startup
[7.394s] [ext: omni.kit.window.property-1.11.1] startup
[7.401s] [ext: omni.physx-106.0.20] startup
[7.431s] [ext: omni.kit.widget.toolbar-1.6.2] startup
[7.449s] [ext: omni.kit.property.usd-3.21.28] startup
[7.467s] [ext: omni.physx.stageupdate-106.0.20] startup
[7.475s] [ext: omni.physx.commands-106.0.20] startup
[7.483s] [ext: omni.kit.manipulator.tool.snap-1.4.5] startup
[7.496s] [ext: omni.graph.tools-1.78.0] startup
[7.551s] [ext: omni.physx.ui-106.0.20] startup
[7.601s] [ext: omni.graph-1.135.0] startup
[7.667s] [ext: omni.physx.demos-106.0.20] startup
[7.732s] [ext: omni.graph.image.nodes-1.0.2] startup
[7.736s] [ext: omni.graph.action_core-1.1.4] startup
[7.750s] [ext: omni.isaac.version-1.1.0] startup
[7.754s] [ext: omni.syntheticdata-0.6.7] startup
[7.805s] [ext: omni.physx.graph-106.0.20] startup
[7.840s] [ext: omni.isaac.nucleus-0.3.0] startup
[7.844s] [ext: omni.physx.telemetry-106.0.20] startup
[7.857s] [ext: omni.kit.manipulator.selector-1.1.1] startup
[7.862s] [ext: omni.ui_query-1.1.2] startup
[7.864s] [ext: omni.kit.widget.graph-1.12.8] startup
[7.877s] [ext: omni.kit.property.material-1.9.4] startup
[7.887s] [ext: omni.kit.window.extensions-1.4.9] startup
[7.903s] [ext: omni.kit.property.physx-106.0.20] startup
[7.990s] [ext: omni.graph.ui-1.70.0] startup
[8.029s] [ext: omni.physx.vehicle-106.0.20] startup
[8.064s] [ext: omni.kit.manipulator.viewport-107.0.0] startup
[8.069s] [ext: omni.kit.viewport.manipulator.transform-106.0.1] startup
[8.072s] [ext: omni.kit.ui_test-1.2.18] startup
[8.079s] [ext: omni.graph.action_nodes-1.23.0] startup
[8.091s] [ext: omni.physx.camera-106.0.20] startup
[8.109s] [ext: omni.fabric.commands-1.1.4] startup
[8.119s] [ext: omni.kit.manipulator.prim.core-107.0.3] startup
[8.136s] [ext: omni.physx.cct-106.0.20] startup
[8.168s] [ext: omni.graph.action-1.102.1] startup
[8.171s] [ext: omni.graph.nodes-1.143.0] startup
[8.272s] [ext: omni.graph.ui_nodes-1.25.1] startup
[8.284s] [ext: omni.kit.manipulator.prim.fabric-106.0.1] startup
[8.290s] [ext: omni.physics.tensors-106.0.20] startup
[8.315s] [ext: omni.kit.graph.delegate.default-1.2.2] startup
[8.327s] [ext: omni.kit.manipulator.prim.usd-106.0.1] startup
[8.331s] [ext: omni.graph.bundle.action-2.0.4] startup
[8.333s] [ext: omni.command.usd-1.0.3] startup
[8.335s] [ext: omni.physx.tensors-106.0.20] startup
[8.341s] [ext: omni.kit.graph.editor.core-1.5.3] startup
[8.355s] [ext: omni.kit.manipulator.prim-106.0.0] startup
[8.355s] [ext: omni.kit.manipulator.selection-104.0.9] startup
[8.360s] [ext: omni.kit.widget.layers-1.7.9] startup
[8.439s] [ext: omni.kit.window.toolbar-1.6.1] startup
[8.456s] [ext: omni.kit.graph.usd.commands-1.3.1] startup
[8.472s] [ext: omni.kit.widget.material_preview-1.0.16] startup
[8.489s] [ext: omni.physx.supportui-106.0.20] startup
[8.515s] [ext: omni.warp.core-1.2.1] startup
[8.579s] [ext: omni.kit.window.material_graph-1.8.15] startup
[8.628s] [ext: omni.kit.numpy.common-0.1.2] startup
[8.631s] [ext: omni.warp-1.2.1] startup
[8.640s] [ext: omni.sensors.tiled-0.0.4] startup
[8.644s] [ext: omni.physx.bundle-106.0.20] startup
[8.644s] [ext: omni.graph.scriptnode-1.19.1] startup
[8.648s] [ext: omni.isaac.dynamic_control-1.3.8] startup
[8.676s] [ext: omni.replicator.core-1.11.14] startup
2026-07-05 05:01:11 [9,423ms] [Warning] [omni.replicator.core.scripts.annotators] Annotator PostProcessDispatch is already registered, overwriting annotator template
[10.021s] [ext: omni.isaac.core-3.18.1] startup
[14.577s] [ext: omni.graph.visualization.nodes-2.1.1] startup
[14.593s] [ext: omni.isaac.core_nodes-1.16.1] startup
[14.620s] [ext: omni.isaac.cloner-0.8.1] startup
[14.625s] [ext: omni.isaac.ui-0.16.0] startup
[14.642s] [ext: omni.kit.graph.widget.variables-2.1.0] startup
[14.649s] [ext: omni.kit.graph.delegate.modern-1.10.6] startup
[14.655s] [ext: omni.isaac.wheeled_robots-2.3.3] startup
[14.694s] [ext: omni.isaac.gym-0.11.3] startup
[14.697s] [ext: omni.graph.window.core-1.109.0] startup
[14.724s] [ext: omni.isaac.debug_draw-1.1.0] startup
[14.737s] [ext: omni.isaac.block_world-1.0.0] startup
[14.743s] [ext: omni.graph.window.generic-1.24.0] startup
[14.759s] [ext: omni.isaac.menu-0.5.0] startup
[14.764s] [ext: omni.isaac.occupancy_map-1.0.2] startup
[14.784s] [ext: omni.importer.mjcf-1.1.1] startup
[14.816s] [ext: omni.graph.window.action-1.26.0] startup
[14.827s] [ext: omni.kit.widget.live-2.1.6] startup
[14.831s] [ext: omni.kit.actions.window-1.1.1] startup
[14.848s] [ext: omni.kit.ui.actions-1.0.1] startup
[14.851s] [ext: omni.kit.widget.cache_indicator-2.0.8] startup
[14.925s] [ext: omni.kit.hotkeys.window-1.4.5] startup
[14.943s] [ext: omni.kit.selection-0.1.4] startup
[14.946s] [ext: omni.kit.menu.common-1.1.5] startup
[14.950s] [ext: omni.sensors.nv.common-1.2.2-isaac] startup
[15.073s] [ext: omni.isaac.kit-1.13.0] startup
[15.073s] [ext: omni.kit.menu.edit-1.1.24] startup
[15.080s] [ext: omni.kit.menu.file-1.1.10] startup
[15.084s] [ext: omni.isaac.range_sensor-3.1.1] startup
[15.125s] [ext: omni.sensors.nv.materials-1.2.1-isaac] startup
[15.133s] [ext: omni.kit.property.audio-1.0.11] startup
[15.138s] [ext: omni.kit.widget.stage_icons-1.0.4] startup
[15.140s] [ext: omni.kit.property.geometry-1.3.0] startup
[15.146s] [ext: omni.kit.property.camera-1.0.6] startup
[15.152s] [ext: omni.sensors.nv.lidar-1.2.2-isaac] startup
[15.164s] [ext: omni.sensors.nv.wpm-1.2.1-isaac] startup
[15.169s] [ext: omni.hydra.scene_api-0.1.2] startup
[15.179s] [ext: omni.kit.window.stage-2.5.10] startup
[15.186s] [ext: omni.kit.property.render-1.1.1] startup
[15.189s] [ext: omni.kit.property.light-1.0.8] startup
[15.193s] [ext: omni.sensors.nv.radar-1.2.1-isaac] startup
[15.212s] [ext: omni.kit.property.transform-1.5.1] startup
[15.220s] [ext: omni.kit.menu.stage-1.2.5] startup
[15.223s] [ext: omni.kit.profiler.window-2.2.1] startup
2026-07-05 05:01:17 [15,187ms] [Warning] [omni.kit.profiler.window] remove _SpanInstance.__lt__ and use insort 'key' arg instead
[16.198s] [ext: omni.kit.property.bundle-1.2.11] startup
[16.204s] [ext: omni.kit.property.isaac-0.2.3] startup
[16.208s] [ext: omni.isaac.sensor-12.7.1] startup
[16.306s] [ext: omni.isaac.surface_gripper-1.0.1] startup
[16.317s] [ext: omni.kit.stage_column.payload-2.0.0] startup
[16.327s] [ext: omni.kit.property.layer-1.1.6] startup
[16.346s] [ext: omni.isaac.scene_blox-0.1.2] startup
[16.348s] [ext: omni.isaac.quadruped-1.4.5] startup
[16.367s] [ext: omni.isaac.manipulators-2.1.0] startup
[16.378s] [ext: omni.isaac.lula-3.0.1] startup
[16.418s] [ext: omni.kit.viewport.menubar.render-106.1.3] startup
[16.430s] [ext: omni.kit.viewport.menubar.settings-106.0.1] startup
[16.442s] [ext: omni.kit.viewport.menubar.camera-105.1.8] startup
[16.455s] [ext: omni.kit.manipulator.camera-105.0.5] startup
[16.464s] [ext: omni.isaac.motion_generation-7.1.0] startup
[16.482s] [ext: omni.kit.widget.calendar-1.0.8] startup
[16.487s] [ext: omni.kit.stage_column.variant-1.0.13] startup
[16.491s] [ext: omni.kit.viewport.bundle-104.0.1] startup
[16.492s] [ext: omni.isaac.universal_robots-0.3.5] startup
[16.494s] [ext: omni.kit.widget.extended_searchfield-1.0.28] startup
[16.511s] [ext: omni.kit.widget.timeline-105.0.1] startup
[16.519s] [ext: omni.kit.window.commands-0.2.5] startup
[16.523s] [ext: omni.kit.window.console-0.2.12] startup
[16.537s] [ext: omni.kit.window.script_editor-1.7.6] startup
[16.542s] [ext: omni.kit.menu.create-1.0.13] startup
[16.546s] [ext: omni.kit.window.status_bar-0.1.6] startup
[16.556s] [ext: omni.rtx.window.settings-0.6.16] startup
[16.565s] [ext: omni.isaac.franka-0.4.1] startup
[16.568s] [ext: omni.kit.window.title-1.1.3] startup
2026-07-05 05:01:18 [16,526ms] [Warning] [carb.windowing-glfw.plugin] GLFW initialization failed.
2026-07-05 05:01:18 [16,526ms] [Warning] [carb] Failed to startup plugin carb.windowing-glfw.plugin (interfaces: [carb::windowing::IGLContext v1.0],[carb::windowing::IWindowing v1.4]) (impl: carb.windowing-glfw.plugin)
2026-07-05 05:01:18 [16,528ms] [Warning] [carb.windowing-glfw.plugin] GLFW initialization failed.
2026-07-05 05:01:18 [16,528ms] [Warning] [carb] Failed to startup plugin carb.windowing-glfw.plugin (interfaces: [carb::windowing::IGLContext v1.0],[carb::windowing::IWindowing v1.4]) (impl: carb.windowing-glfw.plugin)
[16.575s] [ext: omni.replicator.isaac-1.15.0] startup
[16.659s] [ext: omni.replicator.replicator_yaml-2.0.5] startup
[16.696s] [ext: omni.rtx.settings.core-0.6.0] startup
[16.711s] [ext: omni.isaac.cortex-0.3.8] startup
[16.713s] [ext: omni.kit.viewport.menubar.lighting-106.0.2] startup
[16.720s] [ext: semantics.schema.editor-0.3.6] startup
[16.726s] [ext: semantics.schema.property-1.0.3] startup
[16.729s] [ext: omni.kit.viewport.rtx-104.0.1] startup
[16.730s] [ext: omni.isaac.utils-1.0.1] startup
[16.737s] [ext: omni.isaac.cortex.sample_behaviors-1.0.5] startup
[16.739s] [ext: omni.importer.urdf-1.14.1] startup
[16.791s] [ext: omni.kit.window.stats-0.1.6] startup
[16.797s] [ext: omni.isaac.sim.python-4.1.0] startup
[16.799s] Simulation App Starting
2026-07-05 05:01:20 [18,054ms] [Warning] [rtx.neuraylib.plugin] [IRAY:RENDER]   1.1   IRAY   rend warn : CUDA device 0 (NVIDIA GeForce RTX 4090): ECC is enabled, this will reduce rendering performance (it is strongly recommended to disable ECC with iray)
[20.799s] app ready
2026-07-05 05:01:23 [20,928ms] [Warning] [omni.kit.imgui_renderer.plugin] _createExtendCursor: No windowing.
2026-07-05 05:01:23 [20,928ms] [Warning] [omni.kit.imgui_renderer.plugin] _createExtendCursor: No windowing.
[21.708s] Simulation App Startup Complete
2026-07-05 05:01:24 [21,915ms] [Warning] [rtx.neuraylib.plugin] [MDLC:COMPILER]   1.0   MDLC   comp warn : file:/cpfs/user/zhuzihou/conda-managed/envs/embodied-eval-os-isaacsim41-py310/lib/python3.10/site-packages/omni/mdl/core/mdl/gltf/pbr.mdl?watch=00007fd9c2b977a0(823,21): C183 unused parameter 'vertex_opacity_name_spec'
2026-07-05 05:01:24 [21,916ms] [Warning] [rtx.neuraylib.plugin] [MDLC:COMPILER]   1.0   MDLC   comp warn : file:/cpfs/user/zhuzihou/conda-managed/envs/embodied-eval-os-isaacsim41-py310/lib/python3.10/site-packages/omni/mdl/core/mdl/gltf/pbr.mdl?watch=00007fd9c2b977a0(823,21): C183 unused parameter 'vertex_opacity_name_spec'
2026-07-05 05:01:24 [21,926ms] [Warning] [rtx.neuraylib.plugin] [MDLC:COMPILER]   1.0   MDLC   comp warn : file:/cpfs/user/zhuzihou/conda-managed/envs/embodied-eval-os-isaacsim41-py310/lib/python3.10/site-packages/omni/mdl/core/mdl/gltf/pbr.mdl?watch=00007fd9c2b977a0(823,21): C183 unused parameter 'vertex_opacity_name_spec'
2026-07-05 05:01:24 [21,926ms] [Warning] [rtx.neuraylib.plugin] [MDLC:COMPILER]   1.0   MDLC   comp warn : file:/cpfs/user/zhuzihou/conda-managed/envs/embodied-eval-os-isaacsim41-py310/lib/python3.10/site-packages/omni/mdl/core/mdl/gltf/pbr.mdl?watch=00007fd9c2b977a0(823,21): C183 unused parameter 'vertex_opacity_name_spec'
2026-07-05 05:01:25 [23,327ms] [Warning] [omni.syntheticdata.plugin] OgnSdPostRenderVarToHost : rendervar copy from texture directly to host buffer is counter-performant. Please use copy from texture to device buffer first.
2026-07-05 05:01:26 [23,821ms] [Warning] [carb.windowing-glfw.plugin] GLFW initialization failed.
2026-07-05 05:01:26 [23,821ms] [Warning] [carb] Failed to startup plugin carb.windowing-glfw.plugin (interfaces: [carb::windowing::IGLContext v1.0],[carb::windowing::IWindowing v1.4]) (impl: carb.windowing-glfw.plugin)
2026-07-05 05:01:26 [24,031ms] [Warning] [carb] Plugin interface for a client: omni.hydratexture.plugin was already released.
2026-07-05 05:01:26 [24,032ms] [Warning] [omni.usd] Unexpected reference count of 2 for UsdStage '/tmp/scenario-forge-phase13-real-probe/out/scene/main.usda' while being closed in UsdContext (this may indicate it is still resident in memory).
[24.159s] Simulation App Shutting Down

--- STDERR ---
Warning: Possible version incompatibility. Attempting to load omni::fabric::IPath with version v0.2 against v0.1.
Warning: Possible version incompatibility. Attempting to load omni::fabric::IPath with version v0.2 against v0.1.
