2026-07-04 23:48:42,931 [INFO] IsaacWorker-scenario_forge_phase11_apple_to_bowl_chunk_20260704T154825Z-0: ===== IsaacWorker 0 started =====
2026-07-04 23:48:42,931 [INFO] IsaacWorker-scenario_forge_phase11_apple_to_bowl_chunk_20260704T154825Z-0: CUDA_VISIBLE_DEVICES = 0
2026-07-04 23:48:42,931 [INFO] IsaacWorker-scenario_forge_phase11_apple_to_bowl_chunk_20260704T154825Z-0: torch.cuda.device_count() = 1
2026-07-04 23:48:42,931 [INFO] IsaacWorker-scenario_forge_phase11_apple_to_bowl_chunk_20260704T154825Z-0: torch device 0: NVIDIA GeForce RTX 4090
2026-07-04 23:48:43,034 [INFO] IsaacWorker-scenario_forge_phase11_apple_to_bowl_chunk_20260704T154825Z-0: asyncio event loop policy before IsaacSim startup: uvloop.EventLoopPolicy
2026-07-04 23:48:43,034 [INFO] IsaacWorker-scenario_forge_phase11_apple_to_bowl_chunk_20260704T154825Z-0: asyncio event loop policy for IsaacSim startup: asyncio.unix_events._UnixDefaultEventLoopPolicy
2026-07-04 23:48:43,289 [INFO] IsaacWorker-scenario_forge_phase11_apple_to_bowl_chunk_20260704T154825Z-0: Starting kit application with the following args:  ['/cpfs/shared/simulation/zhuzihou/dev/conda-managed/envs/embodied-eval-os-sim-isaacsim41-genmanip-py310/lib/python3.10/site-packages/isaacsim/exts/omni.isaac.kit/omni/isaac/kit/simulation_app.py', '/cpfs/shared/simulation/zhuzihou/dev/conda-managed/envs/embodied-eval-os-sim-isaacsim41-genmanip-py310/lib/python3.10/site-packages/isaacsim/apps/omni.isaac.sim.python.kit', '--/app/tokens/exe-path=/cpfs/shared/simulation/zhuzihou/dev/conda-managed/envs/embodied-eval-os-sim-isaacsim41-genmanip-py310/lib/python3.10/site-packages/omni', '--/persistent/app/viewport/displayOptions=3094', '--/rtx/materialDb/syncLoads=True', '--/rtx/hydra/materialSyncLoads=True', '--/omni.kit.plugin/syncUsdLoads=True', '--/app/renderer/resolution/width=1280', '--/app/renderer/resolution/height=720', '--/app/window/width=1440', '--/app/window/height=900', '--/renderer/multiGpu/enabled=False', '--/app/fastShutdown=True', '--ext-folder', '/cpfs/shared/simulation/zhuzihou/dev/conda-managed/envs/embodied-eval-os-sim-isaacsim41-genmanip-py310/lib/python3.10/site-packages/isaacsim/exts', '--ext-folder', '/cpfs/shared/simulation/zhuzihou/dev/conda-managed/envs/embodied-eval-os-sim-isaacsim41-genmanip-py310/lib/python3.10/site-packages/isaacsim/apps', '--/physics/cudaDevice=0', '--portable', '--no-window', '--/app/window/hideUi=1', '--allow-root']
2026-07-04 23:48:43,289 [INFO] IsaacWorker-scenario_forge_phase11_apple_to_bowl_chunk_20260704T154825Z-0: Passing the following args to the base kit application:  ['--node-ip-address=10.150.153.120', '--node-manager-port=40299', '--object-store-name=/tmp/ray/session_2026-07-04_23-48-10_294729_678214/sockets/plasma_store', '--raylet-name=/tmp/ray/session_2026-07-04_23-48-10_294729_678214/sockets/raylet', '--redis-address=None', '--metrics-agent-port=57606', '--logging-rotate-bytes=536870912', '--logging-rotate-backup-count=5', '--runtime-env-agent-port=54122', '--gcs-address=10.150.153.120:56800', '--session-name=session_2026-07-04_23-48-10_294729_678214', '--temp-dir=/tmp/ray', '--webui=127.0.0.1:8266', '--cluster-id=8df2ebfb7b08110e6dc4896f2839abb8a9ec8502599ef17db76abbf5', '--startup-token=14', '--worker-launch-time-ms=1783180118371', '--node-id=a78a6326d0c6a8fad8e23270e13011ca3d4674782894b2f1865f3124', '--runtime-env-hash=918365709', '--enable-resource-isolation=false']
2026-07-04 23:48:55,112 [INFO] IsaacWorker-scenario_forge_phase11_apple_to_bowl_chunk_20260704T154825Z-0: Warp 1.2.1 initialized:
2026-07-04 23:48:55,113 [INFO] IsaacWorker-scenario_forge_phase11_apple_to_bowl_chunk_20260704T154825Z-0:    CUDA Toolkit 11.8, Driver 12.8
2026-07-04 23:48:55,113 [INFO] IsaacWorker-scenario_forge_phase11_apple_to_bowl_chunk_20260704T154825Z-0:    Devices:
2026-07-04 23:48:55,113 [INFO] IsaacWorker-scenario_forge_phase11_apple_to_bowl_chunk_20260704T154825Z-0:      "cpu"      : "x86_64"
2026-07-04 23:48:55,113 [INFO] IsaacWorker-scenario_forge_phase11_apple_to_bowl_chunk_20260704T154825Z-0:      "cuda:0"   : "NVIDIA GeForce RTX 4090" (44 GiB, sm_89, mempool enabled)
2026-07-04 23:48:55,113 [INFO] IsaacWorker-scenario_forge_phase11_apple_to_bowl_chunk_20260704T154825Z-0:    Kernel cache:
2026-07-04 23:48:55,113 [INFO] IsaacWorker-scenario_forge_phase11_apple_to_bowl_chunk_20260704T154825Z-0:      /cpfs/shared/simulation/zhuzihou/dev/_cache/warp/1.2.1
2026-07-04 23:49:08,345 [INFO] IsaacWorker-scenario_forge_phase11_apple_to_bowl_chunk_20260704T154825Z-0: IsaacWorker init finished.
2026-07-04 23:49:08,348 [INFO] IsaacWorker-scenario_forge_phase11_apple_to_bowl_chunk_20260704T154825Z-0: Reset called with seed=000
2026-07-04 23:49:08,348 [INFO] IsaacWorker-scenario_forge_phase11_apple_to_bowl_chunk_20260704T154825Z-0: Memory snapshot tag=before_reset VmRSS=4.67GiB RssAnon=2.76GiB RssFile=1.89GiB VmSize=186.08GiB VmSwap=0.00GiB
2026-07-04 23:49:08,348 [INFO] IsaacWorker-scenario_forge_phase11_apple_to_bowl_chunk_20260704T154825Z-0: 2026-07-04 23:49:08,348 - genmanip.utils.standalone.utils - INFO - Updated default_config for reset
2026-07-04 23:49:08,348 [INFO] IsaacWorker-scenario_forge_phase11_apple_to_bowl_chunk_20260704T154825Z-0: 2026-07-04 23:49:08,348 - genmanip.utils.standalone.utils - INFO - Reset start: seed=000 requested_task=ebench/mobile_manip/apple_to_fruit_bowl_test_mini
2026-07-04 23:49:08,348 [INFO] IsaacWorker-scenario_forge_phase11_apple_to_bowl_chunk_20260704T154825Z-0: 2026-07-04 23:49:08,348 - genmanip.utils.standalone.utils - INFO - Starting new task: ebench/mobile_manip/apple_to_fruit_bowl_test_mini
2026-07-04 23:49:08,348 [INFO] IsaacWorker-scenario_forge_phase11_apple_to_bowl_chunk_20260704T154825Z-0: 2026-07-04 23:49:08,348 - genmanip.utils.standalone.utils - INFO - Building SceneConfig
2026-07-04 23:49:08,349 [INFO] IsaacWorker-scenario_forge_phase11_apple_to_bowl_chunk_20260704T154825Z-0: 2026-07-04 23:49:08,349 - genmanip.utils.standalone.utils - INFO - SceneConfig ready: task=ebench/mobile_manip/apple_to_fruit_bowl_test_mini num_steps=1000 physics_dt=0.03333333333333333 rendering_dt=0.03333333333333333
2026-07-04 23:49:08,349 [INFO] IsaacWorker-scenario_forge_phase11_apple_to_bowl_chunk_20260704T154825Z-0: 2026-07-04 23:49:08,349 - genmanip.utils.standalone.utils - INFO - Constructing Scene object
2026-07-04 23:49:08,505 [INFO] IsaacWorker-scenario_forge_phase11_apple_to_bowl_chunk_20260704T154825Z-0: 2026-07-04 23:49:08,505 - genmanip.utils.standalone.utils - INFO - Scene object constructed
2026-07-04 23:49:08,506 [INFO] IsaacWorker-scenario_forge_phase11_apple_to_bowl_chunk_20260704T154825Z-0: 2026-07-04 23:49:08,506 - genmanip.utils.standalone.utils - INFO - Initializing Scene
2026-07-04 23:49:16,450 [INFO] IsaacWorker-scenario_forge_phase11_apple_to_bowl_chunk_20260704T154825Z-0: [OK] GetEnableGPUDynamicsAttr().Set(False)
2026-07-04 23:49:16,450 [INFO] IsaacWorker-scenario_forge_phase11_apple_to_bowl_chunk_20260704T154825Z-0: [OK] GetEnableStabilizationAttr().Set(True)
2026-07-04 23:49:16,451 [INFO] IsaacWorker-scenario_forge_phase11_apple_to_bowl_chunk_20260704T154825Z-0: [OK] GetEnableCCDAttr().Set(False)
2026-07-04 23:49:16,451 [INFO] IsaacWorker-scenario_forge_phase11_apple_to_bowl_chunk_20260704T154825Z-0: [OK] GetBroadphaseTypeAttr().Set(GPU)
2026-07-04 23:49:16,451 [INFO] IsaacWorker-scenario_forge_phase11_apple_to_bowl_chunk_20260704T154825Z-0: [OK] GetSolverTypeAttr().Set(TGS)
2026-07-04 23:49:16,451 [INFO] IsaacWorker-scenario_forge_phase11_apple_to_bowl_chunk_20260704T154825Z-0: [OK] GetGpuTotalAggregatePairsCapacityAttr().Set(10485760)
2026-07-04 23:49:16,451 [INFO] IsaacWorker-scenario_forge_phase11_apple_to_bowl_chunk_20260704T154825Z-0: [OK] GetGpuFoundLostAggregatePairsCapacityAttr().Set(10485760)
2026-07-04 23:49:32,812 [ERROR] IsaacWorker-scenario_forge_phase11_apple_to_bowl_chunk_20260704T154825Z-0:   0%|          | 0/9 [00:00<?, ?it/s]
2026-07-04 23:49:32,928 [ERROR] IsaacWorker-scenario_forge_phase11_apple_to_bowl_chunk_20260704T154825Z-0:  33%|###3      | 3/9 [00:00<00:00, 25.77it/s]
2026-07-04 23:49:33,038 [ERROR] IsaacWorker-scenario_forge_phase11_apple_to_bowl_chunk_20260704T154825Z-0:  67%|######6   | 6/9 [00:00<00:00, 26.69it/s]
2026-07-04 23:49:33,200 [ERROR] IsaacWorker-scenario_forge_phase11_apple_to_bowl_chunk_20260704T154825Z-0: 100%|##########| 9/9 [00:00<00:00, 22.19it/s]
2026-07-04 23:49:33,200 [ERROR] IsaacWorker-scenario_forge_phase11_apple_to_bowl_chunk_20260704T154825Z-0: 100%|##########| 9/9 [00:00<00:00, 23.16it/s]
2026-07-04 23:49:33,206 [INFO] IsaacWorker-scenario_forge_phase11_apple_to_bowl_chunk_20260704T154825Z-0: 2026-07-04 23:49:33,206 - genmanip.utils.standalone.utils - INFO - Scene.initialize completed
2026-07-04 23:49:33,207 [INFO] IsaacWorker-scenario_forge_phase11_apple_to_bowl_chunk_20260704T154825Z-0: 2026-07-04 23:49:33,207 - genmanip.utils.standalone.utils - INFO - Running Scene.post_initialize
2026-07-04 23:49:33,254 [INFO] IsaacWorker-scenario_forge_phase11_apple_to_bowl_chunk_20260704T154825Z-0: 2026-07-04 23:49:33,254 - genmanip.utils.standalone.utils - INFO - Scene.post_initialize completed
2026-07-04 23:49:33,254 [INFO] IsaacWorker-scenario_forge_phase11_apple_to_bowl_chunk_20260704T154825Z-0: 2026-07-04 23:49:33,254 - genmanip.utils.standalone.utils - INFO - Removed camera1 from scene camera list
2026-07-04 23:49:33,254 [INFO] IsaacWorker-scenario_forge_phase11_apple_to_bowl_chunk_20260704T154825Z-0: 2026-07-04 23:49:33,254 - genmanip.utils.standalone.utils - INFO - Resetting episode: 000
2026-07-04 23:49:33,254 [INFO] IsaacWorker-scenario_forge_phase11_apple_to_bowl_chunk_20260704T154825Z-0: 2026-07-04 23:49:33,254 - genmanip.utils.standalone.utils - INFO - Setting up episode layout
2026-07-04 23:49:33,261 [INFO] IsaacWorker-scenario_forge_phase11_apple_to_bowl_chunk_20260704T154825Z-0: Object 5948de6770a5491ea158cd9e921ebce9 loading
2026-07-04 23:49:33,261 [INFO] IsaacWorker-scenario_forge_phase11_apple_to_bowl_chunk_20260704T154825Z-0: Adding USD to world: /cpfs/shared/simulation/zhuzihou/dev/GenManip/saved/assets/object_usds/custom_usd/ebench_usds/apple/ready/5948de6770a5491ea158cd9e921ebce9/5948de6770a5491ea158cd9e921ebce9.usd to /World/_scene/obj_5948de6770a5491ea158cd9e921ebce9
2026-07-04 23:49:33,267 [INFO] IsaacWorker-scenario_forge_phase11_apple_to_bowl_chunk_20260704T154825Z-0: CollisionAPI applied to /World/_scene/obj_5948de6770a5491ea158cd9e921ebce9
2026-07-04 23:49:33,271 [INFO] IsaacWorker-scenario_forge_phase11_apple_to_bowl_chunk_20260704T154825Z-0: RigidBodyAPI applied to /World/_scene/obj_5948de6770a5491ea158cd9e921ebce9
2026-07-04 23:49:33,391 [INFO] IsaacWorker-scenario_forge_phase11_apple_to_bowl_chunk_20260704T154825Z-0: Object 5948de6770a5491ea158cd9e921ebce9 loaded
2026-07-04 23:49:33,393 [INFO] IsaacWorker-scenario_forge_phase11_apple_to_bowl_chunk_20260704T154825Z-0: Object 307689f1c6884e1bb85bb20f00fef294 loading
2026-07-04 23:49:33,393 [INFO] IsaacWorker-scenario_forge_phase11_apple_to_bowl_chunk_20260704T154825Z-0: Adding USD to world: /cpfs/shared/simulation/zhuzihou/dev/GenManip/saved/assets/object_usds/custom_usd/ebench_usds/bowl/ready/307689f1c6884e1bb85bb20f00fef294/307689f1c6884e1bb85bb20f00fef294.usd to /World/_scene/obj_307689f1c6884e1bb85bb20f00fef294
2026-07-04 23:49:33,399 [INFO] IsaacWorker-scenario_forge_phase11_apple_to_bowl_chunk_20260704T154825Z-0: CollisionAPI applied to /World/_scene/obj_307689f1c6884e1bb85bb20f00fef294
2026-07-04 23:49:33,403 [INFO] IsaacWorker-scenario_forge_phase11_apple_to_bowl_chunk_20260704T154825Z-0: RigidBodyAPI applied to /World/_scene/obj_307689f1c6884e1bb85bb20f00fef294
2026-07-04 23:49:33,504 [INFO] IsaacWorker-scenario_forge_phase11_apple_to_bowl_chunk_20260704T154825Z-0: Object 307689f1c6884e1bb85bb20f00fef294 loaded
2026-07-04 23:49:33,514 [ERROR] IsaacWorker-scenario_forge_phase11_apple_to_bowl_chunk_20260704T154825Z-0:   0%|          | 0/11 [00:00<?, ?it/s]
2026-07-04 23:49:33,624 [ERROR] IsaacWorker-scenario_forge_phase11_apple_to_bowl_chunk_20260704T154825Z-0:  27%|##7       | 3/11 [00:00<00:00, 27.25it/s]
2026-07-04 23:49:33,732 [ERROR] IsaacWorker-scenario_forge_phase11_apple_to_bowl_chunk_20260704T154825Z-0:  55%|#####4    | 6/11 [00:00<00:00, 27.57it/s]
2026-07-04 23:49:33,890 [ERROR] IsaacWorker-scenario_forge_phase11_apple_to_bowl_chunk_20260704T154825Z-0:  82%|########1 | 9/11 [00:00<00:00, 22.85it/s]
2026-07-04 23:49:34,337 [ERROR] IsaacWorker-scenario_forge_phase11_apple_to_bowl_chunk_20260704T154825Z-0: 100%|##########| 11/11 [00:00<00:00, 13.37it/s]
2026-07-04 23:49:37,187 [INFO] IsaacWorker-scenario_forge_phase11_apple_to_bowl_chunk_20260704T154825Z-0: put 5948de6770a5491ea158cd9e921ebce9 to the top of 307689f1c6884e1bb85bb20f00fef294
2026-07-04 23:49:37,188 [INFO] IsaacWorker-scenario_forge_phase11_apple_to_bowl_chunk_20260704T154825Z-0: ----------------------------------------------------------------------------------------------------
2026-07-04 23:49:37,188 [INFO] IsaacWorker-scenario_forge_phase11_apple_to_bowl_chunk_20260704T154825Z-0: 2026-07-04 23:49:37,188 - genmanip.utils.standalone.utils - INFO - Episode layout ready
2026-07-04 23:49:37,188 [INFO] IsaacWorker-scenario_forge_phase11_apple_to_bowl_chunk_20260704T154825Z-0: 2026-07-04 23:49:37,188 - genmanip.utils.standalone.utils - INFO - Reading initial robot joint positions
2026-07-04 23:49:37,188 [INFO] IsaacWorker-scenario_forge_phase11_apple_to_bowl_chunk_20260704T154825Z-0: 2026-07-04 23:49:37,188 - genmanip.utils.standalone.utils - INFO - Initializing last end-effector pose
2026-07-04 23:49:37,193 [INFO] IsaacWorker-scenario_forge_phase11_apple_to_bowl_chunk_20260704T154825Z-0: 2026-07-04 23:49:37,193 - genmanip.utils.standalone.utils - INFO - Collecting initial observation
2026-07-04 23:49:37,471 [INFO] IsaacWorker-scenario_forge_phase11_apple_to_bowl_chunk_20260704T154825Z-0: 2026-07-04 23:49:37,471 - genmanip.utils.standalone.utils - INFO - Initial observation collected
2026-07-04 23:49:37,471 [INFO] IsaacWorker-scenario_forge_phase11_apple_to_bowl_chunk_20260704T154825Z-0: 2026-07-04 23:49:37,471 - genmanip.utils.standalone.utils - INFO - Reset complete: task=ebench/mobile_manip/apple_to_fruit_bowl_test_mini seed=000
2026-07-04 23:49:37,472 [INFO] IsaacWorker-scenario_forge_phase11_apple_to_bowl_chunk_20260704T154825Z-0: Memory snapshot tag=after_reset VmRSS=7.31GiB RssAnon=4.27GiB RssFile=2.74GiB VmSize=191.55GiB VmSwap=0.00GiB
2026-07-04 23:49:37,472 [INFO] IsaacWorker-scenario_forge_phase11_apple_to_bowl_chunk_20260704T154825Z-0: Running Task: ebench/mobile_manip/apple_to_fruit_bowl_test_mini, Seed: 000, reset_time=29.1235s
2026-07-04 23:50:01,658 [INFO] IsaacWorker-scenario_forge_phase11_apple_to_bowl_chunk_20260704T154825Z-0: 2026-07-04 23:50:01,658 - genmanip.utils.standalone.utils - DEBUG - [phase] total=45.783s | get_obs=214.2ms(100,46.8%) get_obs.record=165.2ms(101,36.4%) get_obs.camera=32.3ms(101,7.1%) world_step=23.2ms(100,5.1%) get_obs.jpeg=16.4ms(101,3.6%) metric_step=2.9ms(100,0.6%) get_obs.fk=0.8ms(101,0.2%) set_action=0.2ms(100,0.0%) prev_state=0.1ms(100,0.0%) get_obs.serialize=0.1ms(101,0.0%) invalid_check=0.1ms(100,0.0%) post_jp=0.1ms(100,0.0%)
2026-07-04 23:50:25,566 [INFO] IsaacWorker-scenario_forge_phase11_apple_to_bowl_chunk_20260704T154825Z-0: 2026-07-04 23:50:25,565 - genmanip.utils.standalone.utils - DEBUG - [phase] total=45.233s | get_obs=213.5ms(100,47.2%) get_obs.record=164.3ms(100,36.3%) get_obs.camera=32.6ms(100,7.2%) world_step=22.2ms(100,4.9%) get_obs.jpeg=15.6ms(100,3.5%) metric_step=2.8ms(100,0.6%) get_obs.fk=0.7ms(100,0.2%) set_action=0.2ms(100,0.0%) prev_state=0.1ms(100,0.0%) get_obs.serialize=0.1ms(100,0.0%) invalid_check=0.1ms(100,0.0%) post_jp=0.1ms(100,0.0%)
2026-07-04 23:50:48,243 [INFO] IsaacWorker-scenario_forge_phase11_apple_to_bowl_chunk_20260704T154825Z-0: 2026-07-04 23:50:48,242 - genmanip.utils.standalone.utils - DEBUG - [phase] total=42.972s | get_obs=203.1ms(100,47.3%) get_obs.record=154.2ms(100,35.9%) get_obs.camera=32.5ms(100,7.6%) world_step=20.2ms(100,4.7%) get_obs.jpeg=15.5ms(100,3.6%) metric_step=2.8ms(100,0.6%) get_obs.fk=0.7ms(100,0.2%) set_action=0.2ms(100,0.0%) prev_state=0.1ms(100,0.0%) get_obs.serialize=0.1ms(100,0.0%) invalid_check=0.1ms(100,0.0%) post_jp=0.1ms(100,0.0%)
2026-07-04 23:51:11,692 [INFO] IsaacWorker-scenario_forge_phase11_apple_to_bowl_chunk_20260704T154825Z-0: 2026-07-04 23:51:11,691 - genmanip.utils.standalone.utils - DEBUG - [phase] total=44.525s | get_obs=211.0ms(100,47.4%) get_obs.record=161.5ms(100,36.3%) get_obs.camera=33.0ms(100,7.4%) world_step=20.1ms(100,4.5%) get_obs.jpeg=15.6ms(100,3.5%) metric_step=2.8ms(100,0.6%) get_obs.fk=0.7ms(100,0.2%) set_action=0.2ms(100,0.0%) prev_state=0.1ms(100,0.0%) get_obs.serialize=0.1ms(100,0.0%) invalid_check=0.1ms(100,0.0%) post_jp=0.1ms(100,0.0%)
2026-07-04 23:51:34,377 [INFO] IsaacWorker-scenario_forge_phase11_apple_to_bowl_chunk_20260704T154825Z-0: 2026-07-04 23:51:34,377 - genmanip.utils.standalone.utils - DEBUG - [phase] total=42.980s | get_obs=203.1ms(100,47.3%) get_obs.record=154.1ms(100,35.9%) get_obs.camera=32.6ms(100,7.6%) world_step=20.3ms(100,4.7%) get_obs.jpeg=15.5ms(100,3.6%) metric_step=2.8ms(100,0.6%) get_obs.fk=0.7ms(100,0.2%) set_action=0.2ms(100,0.0%) prev_state=0.1ms(100,0.0%) get_obs.serialize=0.1ms(100,0.0%) invalid_check=0.1ms(100,0.0%) post_jp=0.1ms(100,0.0%)
2026-07-04 23:51:57,113 [INFO] IsaacWorker-scenario_forge_phase11_apple_to_bowl_chunk_20260704T154825Z-0: 2026-07-04 23:51:57,113 - genmanip.utils.standalone.utils - DEBUG - [phase] total=43.006s | get_obs=202.9ms(100,47.2%) get_obs.record=153.4ms(100,35.7%) get_obs.camera=32.6ms(100,7.6%) world_step=20.9ms(100,4.9%) get_obs.jpeg=15.8ms(100,3.7%) metric_step=2.8ms(100,0.6%) get_obs.fk=0.8ms(100,0.2%) set_action=0.3ms(100,0.1%) prev_state=0.1ms(100,0.0%) get_obs.serialize=0.1ms(100,0.0%) invalid_check=0.1ms(100,0.0%) post_jp=0.1ms(100,0.0%)
2026-07-04 23:52:19,590 [INFO] IsaacWorker-scenario_forge_phase11_apple_to_bowl_chunk_20260704T154825Z-0: 2026-07-04 23:52:19,590 - genmanip.utils.standalone.utils - DEBUG - [phase] total=42.566s | get_obs=201.1ms(100,47.2%) get_obs.record=152.0ms(100,35.7%) get_obs.camera=32.6ms(100,7.7%) world_step=20.3ms(100,4.8%) get_obs.jpeg=15.5ms(100,3.6%) metric_step=2.8ms(100,0.7%) get_obs.fk=0.7ms(100,0.2%) set_action=0.2ms(100,0.0%) prev_state=0.1ms(100,0.0%) get_obs.serialize=0.1ms(100,0.0%) invalid_check=0.1ms(100,0.0%) post_jp=0.1ms(100,0.0%)
2026-07-04 23:52:42,061 [INFO] IsaacWorker-scenario_forge_phase11_apple_to_bowl_chunk_20260704T154825Z-0: 2026-07-04 23:52:42,061 - genmanip.utils.standalone.utils - DEBUG - [phase] total=42.517s | get_obs=200.7ms(100,47.2%) get_obs.record=151.5ms(100,35.6%) get_obs.camera=32.5ms(100,7.6%) world_step=20.5ms(100,4.8%) get_obs.jpeg=15.7ms(100,3.7%) metric_step=2.9ms(100,0.7%) get_obs.fk=0.7ms(100,0.2%) set_action=0.2ms(100,0.0%) prev_state=0.1ms(100,0.0%) get_obs.serialize=0.1ms(100,0.0%) invalid_check=0.1ms(100,0.0%) post_jp=0.1ms(100,0.0%)
2026-07-04 23:53:04,568 [INFO] IsaacWorker-scenario_forge_phase11_apple_to_bowl_chunk_20260704T154825Z-0: 2026-07-04 23:53:04,568 - genmanip.utils.standalone.utils - DEBUG - [phase] total=42.615s | get_obs=201.3ms(100,47.2%) get_obs.record=152.3ms(100,35.7%) get_obs.camera=32.5ms(100,7.6%) world_step=20.4ms(100,4.8%) get_obs.jpeg=15.5ms(100,3.6%) metric_step=2.8ms(100,0.7%) get_obs.fk=0.7ms(100,0.2%) set_action=0.2ms(100,0.0%) prev_state=0.1ms(100,0.0%) get_obs.serialize=0.1ms(100,0.0%) invalid_check=0.1ms(100,0.0%) post_jp=0.1ms(100,0.0%)
2026-07-04 23:53:27,609 [INFO] IsaacWorker-scenario_forge_phase11_apple_to_bowl_chunk_20260704T154825Z-0: 2026-07-04 23:53:27,608 - genmanip.utils.standalone.utils - DEBUG - [phase] total=43.631s | get_obs=206.1ms(100,47.2%) get_obs.record=157.1ms(100,36.0%) get_obs.camera=32.5ms(100,7.5%) world_step=20.8ms(100,4.8%) get_obs.jpeg=15.5ms(100,3.6%) metric_step=2.9ms(100,0.7%) get_obs.fk=0.8ms(100,0.2%) set_action=0.2ms(100,0.0%) prev_state=0.1ms(100,0.0%) get_obs.serialize=0.1ms(100,0.0%) invalid_check=0.1ms(100,0.0%) post_jp=0.1ms(100,0.0%)
2026-07-04 23:53:27,609 [INFO] IsaacWorker-scenario_forge_phase11_apple_to_bowl_chunk_20260704T154825Z-0: Episode done in chunk. executed=1000 chunk_time=230.0520 avg_step_time=0.2301 total_step_time=230.0520 step_count=1000 info={'info': 0.0}
2026-07-04 23:53:27,614 [INFO] IsaacWorker-scenario_forge_phase11_apple_to_bowl_chunk_20260704T154825Z-0: post_episode_process finished result=0.0 has_finalize_payload=True elapsed=0.0001s
2026-07-04 23:53:28,318 [INFO] IsaacWorker-scenario_forge_phase11_apple_to_bowl_chunk_20260704T154825Z-0: Reset called with seed=001
2026-07-04 23:53:28,318 [INFO] IsaacWorker-scenario_forge_phase11_apple_to_bowl_chunk_20260704T154825Z-0: Memory snapshot tag=before_reset VmRSS=7.95GiB RssAnon=4.54GiB RssFile=2.80GiB VmSize=191.88GiB VmSwap=0.00GiB
2026-07-04 23:53:28,318 [INFO] IsaacWorker-scenario_forge_phase11_apple_to_bowl_chunk_20260704T154825Z-0: 2026-07-04 23:53:28,318 - genmanip.utils.standalone.utils - INFO - Reset start: seed=001 requested_task=ebench/mobile_manip/apple_to_fruit_bowl_test_mini
2026-07-04 23:53:28,319 [INFO] IsaacWorker-scenario_forge_phase11_apple_to_bowl_chunk_20260704T154825Z-0: 2026-07-04 23:53:28,318 - genmanip.utils.standalone.utils - INFO - Task unchanged; reusing existing scene for task=ebench/mobile_manip/apple_to_fruit_bowl_test_mini
2026-07-04 23:53:28,319 [INFO] IsaacWorker-scenario_forge_phase11_apple_to_bowl_chunk_20260704T154825Z-0: 2026-07-04 23:53:28,319 - genmanip.utils.standalone.utils - INFO - Resetting episode: 001
2026-07-04 23:53:28,319 [INFO] IsaacWorker-scenario_forge_phase11_apple_to_bowl_chunk_20260704T154825Z-0: 2026-07-04 23:53:28,319 - genmanip.utils.standalone.utils - INFO - Setting up episode layout
2026-07-04 23:53:28,335 [INFO] IsaacWorker-scenario_forge_phase11_apple_to_bowl_chunk_20260704T154825Z-0: Object e1f96691aaf648b885d927f5c3f5be61 loading
2026-07-04 23:53:28,335 [INFO] IsaacWorker-scenario_forge_phase11_apple_to_bowl_chunk_20260704T154825Z-0: Adding USD to world: /cpfs/shared/simulation/zhuzihou/dev/GenManip/saved/assets/object_usds/custom_usd/ebench_usds/apple/ready/e1f96691aaf648b885d927f5c3f5be61/e1f96691aaf648b885d927f5c3f5be61.usd to /World/_scene/obj_e1f96691aaf648b885d927f5c3f5be61
2026-07-04 23:53:28,343 [INFO] IsaacWorker-scenario_forge_phase11_apple_to_bowl_chunk_20260704T154825Z-0: CollisionAPI applied to /World/_scene/obj_e1f96691aaf648b885d927f5c3f5be61
2026-07-04 23:53:28,348 [INFO] IsaacWorker-scenario_forge_phase11_apple_to_bowl_chunk_20260704T154825Z-0: RigidBodyAPI applied to /World/_scene/obj_e1f96691aaf648b885d927f5c3f5be61
2026-07-04 23:53:28,422 [INFO] IsaacWorker-scenario_forge_phase11_apple_to_bowl_chunk_20260704T154825Z-0: Object e1f96691aaf648b885d927f5c3f5be61 loaded
2026-07-04 23:53:28,423 [INFO] IsaacWorker-scenario_forge_phase11_apple_to_bowl_chunk_20260704T154825Z-0: Object d7dd0a08637748e29b995da42cee2154 loading
2026-07-04 23:53:28,423 [INFO] IsaacWorker-scenario_forge_phase11_apple_to_bowl_chunk_20260704T154825Z-0: Adding USD to world: /cpfs/shared/simulation/zhuzihou/dev/GenManip/saved/assets/object_usds/custom_usd/ebench_usds/bowl/ready/d7dd0a08637748e29b995da42cee2154/d7dd0a08637748e29b995da42cee2154.usd to /World/_scene/obj_d7dd0a08637748e29b995da42cee2154
2026-07-04 23:53:28,430 [INFO] IsaacWorker-scenario_forge_phase11_apple_to_bowl_chunk_20260704T154825Z-0: CollisionAPI applied to /World/_scene/obj_d7dd0a08637748e29b995da42cee2154
2026-07-04 23:53:28,434 [INFO] IsaacWorker-scenario_forge_phase11_apple_to_bowl_chunk_20260704T154825Z-0: RigidBodyAPI applied to /World/_scene/obj_d7dd0a08637748e29b995da42cee2154
2026-07-04 23:53:28,671 [INFO] IsaacWorker-scenario_forge_phase11_apple_to_bowl_chunk_20260704T154825Z-0: Object d7dd0a08637748e29b995da42cee2154 loaded
2026-07-04 23:53:28,681 [ERROR] IsaacWorker-scenario_forge_phase11_apple_to_bowl_chunk_20260704T154825Z-0:   0%|          | 0/11 [00:00<?, ?it/s]
2026-07-04 23:53:28,798 [ERROR] IsaacWorker-scenario_forge_phase11_apple_to_bowl_chunk_20260704T154825Z-0:  27%|##7       | 3/11 [00:00<00:00, 25.70it/s]
2026-07-04 23:53:28,912 [ERROR] IsaacWorker-scenario_forge_phase11_apple_to_bowl_chunk_20260704T154825Z-0:  55%|#####4    | 6/11 [00:00<00:00, 26.07it/s]
2026-07-04 23:53:29,077 [ERROR] IsaacWorker-scenario_forge_phase11_apple_to_bowl_chunk_20260704T154825Z-0:  82%|########1 | 9/11 [00:00<00:00, 21.79it/s]
2026-07-04 23:53:30,041 [ERROR] IsaacWorker-scenario_forge_phase11_apple_to_bowl_chunk_20260704T154825Z-0: 100%|##########| 11/11 [00:01<00:00,  8.09it/s]
2026-07-04 23:53:32,888 [INFO] IsaacWorker-scenario_forge_phase11_apple_to_bowl_chunk_20260704T154825Z-0: put e1f96691aaf648b885d927f5c3f5be61 to the top of d7dd0a08637748e29b995da42cee2154
2026-07-04 23:53:32,888 [INFO] IsaacWorker-scenario_forge_phase11_apple_to_bowl_chunk_20260704T154825Z-0: ----------------------------------------------------------------------------------------------------
2026-07-04 23:53:32,888 [INFO] IsaacWorker-scenario_forge_phase11_apple_to_bowl_chunk_20260704T154825Z-0: 2026-07-04 23:53:32,888 - genmanip.utils.standalone.utils - INFO - Episode layout ready
2026-07-04 23:53:32,888 [INFO] IsaacWorker-scenario_forge_phase11_apple_to_bowl_chunk_20260704T154825Z-0: 2026-07-04 23:53:32,888 - genmanip.utils.standalone.utils - INFO - Reading initial robot joint positions
2026-07-04 23:53:32,888 [INFO] IsaacWorker-scenario_forge_phase11_apple_to_bowl_chunk_20260704T154825Z-0: 2026-07-04 23:53:32,888 - genmanip.utils.standalone.utils - INFO - Initializing last end-effector pose
2026-07-04 23:53:32,894 [INFO] IsaacWorker-scenario_forge_phase11_apple_to_bowl_chunk_20260704T154825Z-0: 2026-07-04 23:53:32,894 - genmanip.utils.standalone.utils - INFO - Collecting initial observation
2026-07-04 23:53:33,048 [INFO] IsaacWorker-scenario_forge_phase11_apple_to_bowl_chunk_20260704T154825Z-0: 2026-07-04 23:53:33,048 - genmanip.utils.standalone.utils - INFO - Initial observation collected
2026-07-04 23:53:33,048 [INFO] IsaacWorker-scenario_forge_phase11_apple_to_bowl_chunk_20260704T154825Z-0: 2026-07-04 23:53:33,048 - genmanip.utils.standalone.utils - INFO - Reset complete: task=ebench/mobile_manip/apple_to_fruit_bowl_test_mini seed=001
2026-07-04 23:53:33,048 [INFO] IsaacWorker-scenario_forge_phase11_apple_to_bowl_chunk_20260704T154825Z-0: Memory snapshot tag=after_reset VmRSS=7.95GiB RssAnon=4.58GiB RssFile=2.75GiB VmSize=191.92GiB VmSwap=0.00GiB
2026-07-04 23:53:33,048 [INFO] IsaacWorker-scenario_forge_phase11_apple_to_bowl_chunk_20260704T154825Z-0: Running Task: ebench/mobile_manip/apple_to_fruit_bowl_test_mini, Seed: 001, reset_time=4.7309s
