[Warning] [omni.isaac.kit.simulation_app] Modules: ['omni.kit_app'] were loaded before SimulationApp was started and might not be loaded correctly.
[Warning] [omni.isaac.kit.simulation_app] Please check to make sure no extra omniverse or pxr modules are imported before the call to SimulationApp(...)
[Info] [carb] Logging to file: /cpfs/user/zhuzihou/conda-managed/envs/embodied-eval-os-isaacsim41-py310/lib/python3.10/site-packages/omni/logs/Kit/Isaac-Sim/4.1/kit_20260706_130309.log
2026-07-06 05:03:09 [1ms] [Warning] [omni.kit.app.plugin] No crash reporter present, dumps uploading isn't available.
[0.225s] [ext: omni.kit.async_engine-0.0.0] startup
[3.879s] [ext: omni.stats-1.0.1] startup
[3.882s] [ext: omni.client-1.1.0] startup
[3.925s] [ext: omni.datastore-0.0.0] startup
[3.927s] [ext: omni.blobkey-1.1.0] startup
[3.928s] [ext: omni.ujitso.default-1.0.0] startup
[3.931s] [ext: omni.hsscclient-0.0.0] startup
[3.933s] [ext: omni.rtx.shadercache.vulkan-1.0.0] startup
[3.940s] [ext: omni.assets.plugins-0.0.0] startup
[3.944s] [ext: omni.gpu_foundation-0.0.0] startup
[3.973s] [ext: carb.windowing.plugins-1.0.0] startup
2026-07-06 05:03:13 [3,938ms] [Warning] [carb.windowing-glfw.plugin] GLFW initialization failed.
2026-07-06 05:03:13 [3,938ms] [Warning] [carb] Failed to startup plugin carb.windowing-glfw.plugin (interfaces: [carb::windowing::IGLContext v1.0],[carb::windowing::IWindowing v1.4]) (impl: carb.windowing-glfw.plugin)
[3.975s] [ext: omni.kit.renderer.init-0.0.0] startup
2026-07-06 05:03:13 [3,983ms] [Warning] [omni.platforminfo.plugin] failed to open the default display.  Can't verify X Server version.

|---------------------------------------------------------------------------------------------|
| Driver Version: 570.153.02    | Graphics API: Vulkan
|=============================================================================================|
| GPU | Name                             | Active | LDA | GPU Memory | Vendor-ID | LUID       |
|     |                                  |        |     |            | Device-ID | UUID       |
|     |                                  |        |     |            | Bus-ID    |            |
|---------------------------------------------------------------------------------------------|
| 0   | NVIDIA GeForce RTX 4090          | Yes: 0 |     | 46314   MB | 10de      | 0          |
|     |                                  |        |     |            | 2684      | f12b8fdb.. |
|     |                                  |        |     |            | 8         |            |
|=============================================================================================|
| OS: 22.04.5 LTS (Jammy Jellyfish) ubuntu, Version: 22.04.5, Kernel: 5.10.134-17.3.al8.x86_64
| Processor: Intel(R) Xeon(R) Gold 6462C | Cores: 64 | Logical: 128
|---------------------------------------------------------------------------------------------|
| Total Memory (MB): 1031320 | Free Memory: 80959
| Total Page/Swap (MB): 0 | Free Page/Swap: 0
|---------------------------------------------------------------------------------------------|
2026-07-06 05:03:14 [4,703ms] [Warning] [gpu.foundation.plugin] ECC is enabled on physical device 0
2026-07-06 05:03:14 [4,703ms] [Warning] [gpu.foundation.plugin] IOMMU is enabled.
[4.930s] [ext: omni.kit.pipapi-0.0.0] startup
[4.933s] [ext: omni.kit.pip_archive-0.0.0] startup
[4.935s] [ext: omni.mtlx-0.1.0] startup
[4.937s] [ext: omni.usd.config-1.0.4] startup
[4.988s] [ext: omni.gpucompute.plugins-0.0.0] startup
[4.990s] [ext: omni.usd.libs-1.0.1] startup
[5.113s] [ext: omni.kit.telemetry-0.5.0] startup
[5.177s] [ext: omni.kit.loop-isaac-1.2.0] startup
[5.179s] [ext: omni.kit.test-0.0.0] startup
[5.306s] [ext: omni.appwindow-1.1.8] startup
2026-07-06 05:03:14 [5,272ms] [Warning] [carb.windowing-glfw.plugin] GLFW initialization failed.
2026-07-06 05:03:14 [5,272ms] [Warning] [carb] Failed to startup plugin carb.windowing-glfw.plugin (interfaces: [carb::windowing::IGLContext v1.0],[carb::windowing::IWindowing v1.4]) (impl: carb.windowing-glfw.plugin)
[5.312s] [ext: omni.kit.renderer.core-1.0.1] startup
2026-07-06 05:03:14 [5,279ms] [Warning] [carb.windowing-glfw.plugin] GLFW initialization failed.
2026-07-06 05:03:14 [5,279ms] [Warning] [carb] Failed to startup plugin carb.windowing-glfw.plugin (interfaces: [carb::windowing::IGLContext v1.0],[carb::windowing::IWindowing v1.4]) (impl: carb.windowing-glfw.plugin)
2026-07-06 05:03:14 [5,287ms] [Warning] [carb.windowing-glfw.plugin] GLFW initialization failed.
2026-07-06 05:03:14 [5,287ms] [Warning] [carb] Failed to startup plugin carb.windowing-glfw.plugin (interfaces: [carb::windowing::IGLContext v1.0],[carb::windowing::IWindowing v1.4]) (impl: carb.windowing-glfw.plugin)
[5.327s] [ext: omni.kit.renderer.capture-0.0.0] startup
[5.333s] [ext: omni.kit.renderer.imgui-1.0.1] startup
2026-07-06 05:03:14 [5,311ms] [Warning] [carb.windowing-glfw.plugin] GLFW initialization failed.
2026-07-06 05:03:14 [5,311ms] [Warning] [carb] Failed to startup plugin carb.windowing-glfw.plugin (interfaces: [carb::windowing::IGLContext v1.0],[carb::windowing::IWindowing v1.4]) (impl: carb.windowing-glfw.plugin)
2026-07-06 05:03:14 [5,313ms] [Warning] [carb.windowing-glfw.plugin] GLFW initialization failed.
2026-07-06 05:03:14 [5,313ms] [Warning] [carb] Failed to startup plugin carb.windowing-glfw.plugin (interfaces: [carb::windowing::IGLContext v1.0],[carb::windowing::IWindowing v1.4]) (impl: carb.windowing-glfw.plugin)
2026-07-06 05:03:14 [5,314ms] [Warning] [carb.windowing-glfw.plugin] GLFW initialization failed.
2026-07-06 05:03:14 [5,314ms] [Warning] [carb] Failed to startup plugin carb.windowing-glfw.plugin (interfaces: [carb::windowing::IGLContext v1.0],[carb::windowing::IWindowing v1.4]) (impl: carb.windowing-glfw.plugin)
[5.444s] [ext: omni.ui-2.23.11] startup
[5.457s] [ext: omni.kit.mainwindow-1.0.3] startup
[5.461s] [ext: carb.audio-0.1.0] startup
[5.464s] [ext: omni.uiaudio-1.0.0] startup
[5.466s] [ext: omni.kit.uiapp-0.0.0] startup
[5.466s] [ext: omni.usd.schema.audio-0.0.0] startup
[5.577s] [ext: omni.usd.schema.physx-106.0.20] startup
[5.623s] [ext: omni.usd.schema.forcefield-106.0.20] startup
[5.631s] [ext: omni.usd.schema.anim-0.0.0] startup
[5.661s] [ext: omni.usd.schema.omniscripting-1.0.0] startup
[5.671s] [ext: omni.usd.schema.omnigraph-1.0.0] startup
[5.682s] [ext: omni.anim.graph.schema-106.0.2] startup
[5.693s] [ext: omni.anim.navigation.schema-106.0.2] startup
[5.701s] [ext: omni.usd.schema.isaac-2.1.0] startup
[5.713s] [ext: omni.usd.schema.semantics-0.0.0] startup
[5.719s] [ext: omni.usd.schema.geospatial-0.0.0] startup
[5.725s] [ext: omni.usd.schema.scene.visualization-2.0.2] startup
[5.732s] [ext: omni.graph.exec-0.9.3] startup
[5.735s] [ext: omni.usd_resolver-1.0.0] startup
[5.753s] [ext: omni.activity.core-1.0.1] startup
[5.758s] [ext: omni.kit.usd_undo-0.1.8] startup
[5.760s] [ext: omni.kit.exec.core-0.13.2] startup
[5.767s] [ext: omni.usd.core-1.2.11] startup
[5.773s] [ext: omni.kit.actions.core-1.0.0] startup
[5.777s] [ext: omni.resourcemonitor-105.0.1] startup
[5.784s] [ext: omni.kit.window.popup_dialog-2.0.24] startup
[5.794s] [ext: omni.timeline-1.0.10] startup
[5.797s] [ext: omni.kit.commands-1.4.9] startup
[5.808s] [ext: usdrt.scenegraph-7.4.8] startup
[5.874s] [ext: omni.kit.widget.nucleus_connector-1.1.8] startup
[5.879s] [ext: omni.kit.audiodeviceenum-1.0.1] startup
[5.883s] [ext: omni.hydra.usdrt_delegate-7.4.7] startup
[5.909s] [ext: omni.hydra.scene_delegate-0.3.3] startup
[5.917s] [ext: omni.kit.collaboration.telemetry-1.0.0] startup
[5.918s] [ext: omni.usd-1.11.2] startup
[5.975s] [ext: omni.kit.collaboration.channel_manager-1.0.11] startup
[5.978s] [ext: omni.kit.usd.layers-2.1.31] startup
[5.996s] [ext: omni.kit.collaboration.presence_layer-1.0.8] startup
[6.002s] [ext: omni.kit.window.cursor-1.1.2] startup
[6.005s] [ext: omni.kit.menu.utils-1.5.27] startup
[6.027s] [ext: omni.iray.libs-0.0.0] startup
[6.036s] [ext: omni.kit.primitive.mesh-1.0.16] startup
[6.045s] [ext: omni.mdl.neuraylib-0.2.5] startup
[6.049s] [ext: omni.hydra.engine.stats-1.0.2] startup
[6.055s] [ext: omni.kit.widget.searchable_combobox-1.0.6] startup
[6.058s] [ext: omni.kit.widget.path_field-2.0.9] startup
[6.061s] [ext: omni.kit.clipboard-1.0.3] startup
[6.063s] [ext: omni.ujitso.processor.texture-1.0.0] startup
[6.065s] [ext: omni.kit.widget.browser_bar-2.0.10] startup
[6.068s] [ext: omni.kit.notification_manager-1.0.8] startup
[6.075s] [ext: omni.volume-0.5.0] startup
[6.079s] [ext: omni.ujitso.client-0.0.0] startup
[6.081s] [ext: omni.kit.helper.file_utils-0.1.8] startup
[6.084s] [ext: omni.kit.widget.nucleus_info-1.0.2] startup
[6.086s] [ext: omni.kit.widget.filebrowser-2.10.48] startup
[6.101s] [ext: omni.kit.search_core-1.0.5] startup
[6.104s] [ext: omni.kit.widget.options_menu-1.1.4] startup
[6.113s] [ext: omni.ui.scene-1.9.3] startup
[6.125s] [ext: omni.kit.widget.search_delegate-1.0.4] startup
[6.128s] [ext: omni.kit.widget.options_button-1.0.2] startup
[6.130s] [ext: omni.kit.widget.context_menu-1.2.1] startup
[6.133s] [ext: omni.kit.hotkeys.core-1.3.3] startup
[6.134s] [ext: omni.kit.window.filepicker-2.10.34] startup
[6.174s] [ext: omni.hydra.rtx-0.2.0] startup
[6.205s] [ext: omni.kit.context_menu-1.8.0] startup
[6.210s] [ext: omni.mdl-52.0.1] startup
[6.225s] [ext: omni.kit.window.file_importer-1.1.11] startup
[6.228s] [ext: omni.kit.raycast.query-1.0.5] startup
[6.238s] [ext: omni.kit.viewport.registry-104.0.6] startup
[6.239s] [ext: omni.kit.viewport.legacy_gizmos-1.0.15] startup
[6.244s] [ext: omni.kit.material.library-1.4.4] startup
[6.254s] [ext: omni.kit.window.file_exporter-1.0.29] startup
[6.256s] [ext: omni.kit.hydra_texture-1.2.6] startup
[6.265s] [ext: omni.kit.window.drop_support-1.0.2] startup
[6.267s] [ext: omni.kit.widget.viewport-106.0.3] startup
[6.276s] [ext: omni.kit.widget.filter-1.1.4] startup
[6.278s] [ext: omni.kit.viewport.window-106.0.8] startup
[6.308s] [ext: omni.kit.widget.settings-1.1.1] startup
[6.312s] [ext: omni.kit.widget.prompt-1.0.7] startup
[6.314s] [ext: omni.kit.viewport.utility-1.0.17] startup
[6.315s] [ext: omni.kit.window.preferences-1.5.3] startup
[6.352s] [ext: omni.kit.widget.live_session_management.ui-1.0.1] startup
[6.359s] [ext: omni.kit.viewport.actions-106.0.3] startup
[6.364s] [ext: omni.kit.widget.stage-2.10.26] startup
[6.388s] [ext: omni.kit.stage_template.core-1.1.21] startup
[6.390s] [ext: omni.kit.widget.live_session_management-1.2.18] startup
[6.396s] [ext: omni.kit.viewport.menubar.core-106.0.2] startup
[6.440s] [ext: omni.kit.manipulator.transform-104.7.5] startup
[6.446s] [ext: omni.kit.stage_templates-1.2.3] startup
[6.452s] [ext: omni.debugdraw-0.1.3] startup
[6.461s] [ext: omni.kit.viewport.menubar.display-106.0.2] startup
[6.464s] [ext: omni.kvdb-106.0.20] startup
[6.470s] [ext: omni.inspect-1.0.1] startup
[6.473s] [ext: omni.kit.window.file-1.3.52] startup
[6.479s] [ext: omni.kit.window.content_browser_registry-0.0.6] startup
[6.481s] [ext: omni.usdphysics-106.0.20] startup
[6.485s] [ext: omni.convexdecomposition-106.0.20] startup
[6.493s] [ext: omni.kit.window.content_browser-2.9.14] startup
[6.512s] [ext: omni.usdphysics.ui-106.0.20] startup
[6.541s] [ext: omni.localcache-106.0.20] startup
[6.546s] [ext: omni.physx.foundation-106.0.20] startup
[6.547s] [ext: omni.kit.widget.highlight_label-1.0.2] startup
[6.550s] [ext: omni.graph.core-2.170.3] startup
[6.555s] [ext: omni.kit.widget.searchfield-1.1.6] startup
[6.558s] [ext: omni.physx.cooking-106.0.20] startup
[6.881s] [ext: omni.kit.widget.text_editor-1.0.2] startup
[6.885s] [ext: omni.graph.image.core-0.3.2] startup
[6.890s] [ext: omni.kit.window.property-1.11.1] startup
[6.897s] [ext: omni.physx-106.0.20] startup
[6.920s] [ext: omni.kit.widget.toolbar-1.6.2] startup
[6.939s] [ext: omni.kit.property.usd-3.21.28] startup
[6.960s] [ext: omni.physx.stageupdate-106.0.20] startup
[6.968s] [ext: omni.physx.commands-106.0.20] startup
[6.974s] [ext: omni.kit.manipulator.tool.snap-1.4.5] startup
[6.988s] [ext: omni.graph.tools-1.78.0] startup
[7.044s] [ext: omni.physx.ui-106.0.20] startup
[7.087s] [ext: omni.graph-1.135.0] startup
[7.154s] [ext: omni.physx.demos-106.0.20] startup
[7.210s] [ext: omni.graph.image.nodes-1.0.2] startup
[7.216s] [ext: omni.graph.action_core-1.1.4] startup
[7.227s] [ext: omni.isaac.version-1.1.0] startup
[7.230s] [ext: omni.syntheticdata-0.6.7] startup
[7.277s] [ext: omni.physx.graph-106.0.20] startup
[7.303s] [ext: omni.isaac.nucleus-0.3.0] startup
[7.307s] [ext: omni.physx.telemetry-106.0.20] startup
[7.318s] [ext: omni.kit.manipulator.selector-1.1.1] startup
[7.325s] [ext: omni.ui_query-1.1.2] startup
[7.328s] [ext: omni.kit.widget.graph-1.12.8] startup
[7.341s] [ext: omni.kit.property.material-1.9.4] startup
[7.353s] [ext: omni.kit.window.extensions-1.4.9] startup
[7.370s] [ext: omni.kit.property.physx-106.0.20] startup
[7.454s] [ext: omni.graph.ui-1.70.0] startup
[7.500s] [ext: omni.physx.vehicle-106.0.20] startup
[7.537s] [ext: omni.kit.manipulator.viewport-107.0.0] startup
[7.542s] [ext: omni.kit.viewport.manipulator.transform-106.0.1] startup
[7.545s] [ext: omni.kit.ui_test-1.2.18] startup
[7.550s] [ext: omni.graph.action_nodes-1.23.0] startup
[7.561s] [ext: omni.physx.camera-106.0.20] startup
[7.581s] [ext: omni.fabric.commands-1.1.4] startup
[7.590s] [ext: omni.kit.manipulator.prim.core-107.0.3] startup
[7.623s] [ext: omni.physx.cct-106.0.20] startup
[7.644s] [ext: omni.graph.action-1.102.1] startup
[7.648s] [ext: omni.graph.nodes-1.143.0] startup
[7.665s] [ext: omni.graph.ui_nodes-1.25.1] startup
[7.682s] [ext: omni.kit.manipulator.prim.fabric-106.0.1] startup
[7.688s] [ext: omni.physics.tensors-106.0.20] startup
[7.705s] [ext: omni.kit.graph.delegate.default-1.2.2] startup
[7.717s] [ext: omni.kit.manipulator.prim.usd-106.0.1] startup
[7.727s] [ext: omni.graph.bundle.action-2.0.4] startup
[7.729s] [ext: omni.command.usd-1.0.3] startup
[7.731s] [ext: omni.physx.tensors-106.0.20] startup
[7.738s] [ext: omni.kit.graph.editor.core-1.5.3] startup
[7.755s] [ext: omni.kit.manipulator.prim-106.0.0] startup
[7.756s] [ext: omni.kit.manipulator.selection-104.0.9] startup
[7.761s] [ext: omni.kit.widget.layers-1.7.9] startup
[7.847s] [ext: omni.kit.window.toolbar-1.6.1] startup
[7.866s] [ext: omni.kit.graph.usd.commands-1.3.1] startup
[7.884s] [ext: omni.kit.widget.material_preview-1.0.16] startup
[7.891s] [ext: omni.physx.supportui-106.0.20] startup
[7.916s] [ext: omni.warp.core-1.2.1] startup
[7.981s] [ext: omni.kit.window.material_graph-1.8.15] startup
[8.031s] [ext: omni.kit.numpy.common-0.1.2] startup
[8.035s] [ext: omni.warp-1.2.1] startup
[8.046s] [ext: omni.sensors.tiled-0.0.4] startup
[8.050s] [ext: omni.physx.bundle-106.0.20] startup
[8.050s] [ext: omni.graph.scriptnode-1.19.1] startup
[8.054s] [ext: omni.isaac.dynamic_control-1.3.8] startup
[8.072s] [ext: omni.replicator.core-1.11.14] startup
2026-07-06 05:03:17 [8,406ms] [Warning] [omni.replicator.core.scripts.annotators] Annotator PostProcessDispatch is already registered, overwriting annotator template
[8.650s] [ext: omni.isaac.core-3.18.1] startup
[10.427s] [ext: omni.graph.visualization.nodes-2.1.1] startup
[10.441s] [ext: omni.isaac.core_nodes-1.16.1] startup
[10.468s] [ext: omni.isaac.cloner-0.8.1] startup
[10.474s] [ext: omni.isaac.ui-0.16.0] startup
[10.488s] [ext: omni.kit.graph.widget.variables-2.1.0] startup
[10.494s] [ext: omni.kit.graph.delegate.modern-1.10.6] startup
[10.501s] [ext: omni.isaac.wheeled_robots-2.3.3] startup
[10.528s] [ext: omni.isaac.gym-0.11.3] startup
[10.531s] [ext: omni.graph.window.core-1.109.0] startup
[10.563s] [ext: omni.isaac.debug_draw-1.1.0] startup
[10.574s] [ext: omni.isaac.block_world-1.0.0] startup
[10.583s] [ext: omni.graph.window.generic-1.24.0] startup
[10.601s] [ext: omni.isaac.menu-0.5.0] startup
[10.607s] [ext: omni.isaac.occupancy_map-1.0.2] startup
[10.638s] [ext: omni.importer.mjcf-1.1.1] startup
[10.664s] [ext: omni.graph.window.action-1.26.0] startup
[10.676s] [ext: omni.kit.widget.live-2.1.6] startup
[10.682s] [ext: omni.kit.actions.window-1.1.1] startup
[10.695s] [ext: omni.kit.ui.actions-1.0.1] startup
[10.698s] [ext: omni.kit.widget.cache_indicator-2.0.8] startup
[10.775s] [ext: omni.kit.hotkeys.window-1.4.5] startup
[10.793s] [ext: omni.kit.selection-0.1.4] startup
[10.796s] [ext: omni.kit.menu.common-1.1.5] startup
[10.801s] [ext: omni.sensors.nv.common-1.2.2-isaac] startup
[10.826s] [ext: omni.isaac.kit-1.13.0] startup
[10.826s] [ext: omni.kit.menu.edit-1.1.24] startup
[10.833s] [ext: omni.kit.menu.file-1.1.10] startup
[10.838s] [ext: omni.isaac.range_sensor-3.1.1] startup
[10.876s] [ext: omni.sensors.nv.materials-1.2.1-isaac] startup
[10.885s] [ext: omni.kit.property.audio-1.0.11] startup
[10.889s] [ext: omni.kit.widget.stage_icons-1.0.4] startup
[10.892s] [ext: omni.kit.property.geometry-1.3.0] startup
[10.900s] [ext: omni.kit.property.camera-1.0.6] startup
[10.904s] [ext: omni.sensors.nv.lidar-1.2.2-isaac] startup
[10.913s] [ext: omni.sensors.nv.wpm-1.2.1-isaac] startup
[10.917s] [ext: omni.hydra.scene_api-0.1.2] startup
[10.928s] [ext: omni.kit.window.stage-2.5.10] startup
[10.936s] [ext: omni.kit.property.render-1.1.1] startup
[10.940s] [ext: omni.kit.property.light-1.0.8] startup
[10.944s] [ext: omni.sensors.nv.radar-1.2.1-isaac] startup
[10.955s] [ext: omni.kit.property.transform-1.5.1] startup
[10.963s] [ext: omni.kit.menu.stage-1.2.5] startup
[10.968s] [ext: omni.kit.profiler.window-2.2.1] startup
2026-07-06 05:03:20 [10,944ms] [Warning] [omni.kit.profiler.window] remove _SpanInstance.__lt__ and use insort 'key' arg instead
[11.503s] [ext: omni.kit.property.bundle-1.2.11] startup
[11.508s] [ext: omni.kit.property.isaac-0.2.3] startup
[11.513s] [ext: omni.isaac.sensor-12.7.1] startup
[11.615s] [ext: omni.isaac.surface_gripper-1.0.1] startup
[11.627s] [ext: omni.kit.stage_column.payload-2.0.0] startup
[11.637s] [ext: omni.kit.property.layer-1.1.6] startup
[11.654s] [ext: omni.isaac.scene_blox-0.1.2] startup
[11.659s] [ext: omni.isaac.quadruped-1.4.5] startup
[11.680s] [ext: omni.isaac.manipulators-2.1.0] startup
[11.692s] [ext: omni.isaac.lula-3.0.1] startup
[11.716s] [ext: omni.kit.viewport.menubar.render-106.1.3] startup
[11.728s] [ext: omni.kit.viewport.menubar.settings-106.0.1] startup
[11.743s] [ext: omni.kit.viewport.menubar.camera-105.1.8] startup
[11.758s] [ext: omni.kit.manipulator.camera-105.0.5] startup
[11.767s] [ext: omni.isaac.motion_generation-7.1.0] startup
[11.786s] [ext: omni.kit.widget.calendar-1.0.8] startup
[11.791s] [ext: omni.kit.stage_column.variant-1.0.13] startup
[11.796s] [ext: omni.kit.viewport.bundle-104.0.1] startup
[11.796s] [ext: omni.isaac.universal_robots-0.3.5] startup
[11.799s] [ext: omni.kit.widget.extended_searchfield-1.0.28] startup
[11.818s] [ext: omni.kit.widget.timeline-105.0.1] startup
[11.827s] [ext: omni.kit.window.commands-0.2.5] startup
[11.831s] [ext: omni.kit.window.console-0.2.12] startup
[11.846s] [ext: omni.kit.window.script_editor-1.7.6] startup
[11.852s] [ext: omni.kit.menu.create-1.0.13] startup
[11.856s] [ext: omni.kit.window.status_bar-0.1.6] startup
[11.868s] [ext: omni.rtx.window.settings-0.6.16] startup
[11.879s] [ext: omni.isaac.franka-0.4.1] startup
[11.882s] [ext: omni.kit.window.title-1.1.3] startup
2026-07-06 05:03:21 [11,850ms] [Warning] [carb.windowing-glfw.plugin] GLFW initialization failed.
2026-07-06 05:03:21 [11,850ms] [Warning] [carb] Failed to startup plugin carb.windowing-glfw.plugin (interfaces: [carb::windowing::IGLContext v1.0],[carb::windowing::IWindowing v1.4]) (impl: carb.windowing-glfw.plugin)
2026-07-06 05:03:21 [11,853ms] [Warning] [carb.windowing-glfw.plugin] GLFW initialization failed.
2026-07-06 05:03:21 [11,853ms] [Warning] [carb] Failed to startup plugin carb.windowing-glfw.plugin (interfaces: [carb::windowing::IGLContext v1.0],[carb::windowing::IWindowing v1.4]) (impl: carb.windowing-glfw.plugin)
[11.891s] [ext: omni.replicator.isaac-1.15.0] startup
[11.950s] [ext: omni.replicator.replicator_yaml-2.0.5] startup
[11.989s] [ext: omni.rtx.settings.core-0.6.0] startup
[12.003s] [ext: omni.isaac.cortex-0.3.8] startup
[12.005s] [ext: omni.kit.viewport.menubar.lighting-106.0.2] startup
[12.013s] [ext: semantics.schema.editor-0.3.6] startup
[12.040s] [ext: semantics.schema.property-1.0.3] startup
[12.058s] [ext: omni.kit.viewport.rtx-104.0.1] startup
[12.058s] [ext: omni.isaac.utils-1.0.1] startup
[12.119s] [ext: omni.isaac.cortex.sample_behaviors-1.0.5] startup
[12.122s] [ext: omni.importer.urdf-1.14.1] startup
[12.177s] [ext: omni.kit.window.stats-0.1.6] startup
[12.184s] [ext: omni.isaac.sim.python-4.1.0] startup
[12.187s] Simulation App Starting
2026-07-06 05:03:22 [12,584ms] [Warning] [rtx.neuraylib.plugin] [IRAY:RENDER]   1.1   IRAY   rend warn : CUDA device 0 (NVIDIA GeForce RTX 4090): ECC is enabled, this will reduce rendering performance (it is strongly recommended to disable ECC with iray)
[15.540s] app ready
2026-07-06 05:03:25 [15,722ms] [Warning] [omni.kit.imgui_renderer.plugin] _createExtendCursor: No windowing.
2026-07-06 05:03:25 [15,722ms] [Warning] [omni.kit.imgui_renderer.plugin] _createExtendCursor: No windowing.
[17.340s] Simulation App Startup Complete
2026-07-06 05:03:44 [35,034ms] [Warning] [rtx.neuraylib.plugin] [MDLC:COMPILER]   1.0   MDLC   comp warn : file:/cpfs/user/zhuzihou/conda-managed/envs/embodied-eval-os-isaacsim41-py310/lib/python3.10/site-packages/omni/mdl/core/mdl/gltf/pbr.mdl?watch=00007f342d876260(823,21): C183 unused parameter 'vertex_opacity_name_spec'
2026-07-06 05:03:44 [35,035ms] [Warning] [rtx.neuraylib.plugin] [MDLC:COMPILER]   1.0   MDLC   comp warn : file:/cpfs/user/zhuzihou/conda-managed/envs/embodied-eval-os-isaacsim41-py310/lib/python3.10/site-packages/omni/mdl/core/mdl/gltf/pbr.mdl?watch=00007f342d876260(823,21): C183 unused parameter 'vertex_opacity_name_spec'
2026-07-06 05:03:44 [35,047ms] [Warning] [rtx.neuraylib.plugin] [MDLC:COMPILER]   1.0   MDLC   comp warn : file:/cpfs/user/zhuzihou/conda-managed/envs/embodied-eval-os-isaacsim41-py310/lib/python3.10/site-packages/omni/mdl/core/mdl/gltf/pbr.mdl?watch=00007f342d876260(823,21): C183 unused parameter 'vertex_opacity_name_spec'
2026-07-06 05:03:44 [35,047ms] [Warning] [rtx.neuraylib.plugin] [MDLC:COMPILER]   1.0   MDLC   comp warn : file:/cpfs/user/zhuzihou/conda-managed/envs/embodied-eval-os-isaacsim41-py310/lib/python3.10/site-packages/omni/mdl/core/mdl/gltf/pbr.mdl?watch=00007f342d876260(823,21): C183 unused parameter 'vertex_opacity_name_spec'
2026-07-06 05:03:47 [38,470ms] [Warning] [omni.hydra] Mesh '/World/Instances/soap_dish_fixture/Asset/layout/Meshes/Animation/faucet/model_90fdcd0c0d2d87ba859c09ace1318b43_0/Instance/Group_00/Component_3' has corrupted data in primvar 'normal': buffer size 183168 doesn't match expected size 30336 in vertex primvars
2026-07-06 05:03:49 [39,545ms] [Warning] [omni.usd] Coding Error: in AddXformOp at line 190 of /buildAgent/work/ac88d7d902b57417/USD/pxr/usd/usdGeom/xformable.cpp -- The xformOp 'xformOp:translate' already exists in xformOpOrder [[xformOp:translate, xformOp:orient, xformOp:scale, xformOp:rotateX:unitsResolve]].

2026-07-06 05:03:49 [39,545ms] [Warning] [omni.usd] Coding Error: in AddXformOp at line 190 of /buildAgent/work/ac88d7d902b57417/USD/pxr/usd/usdGeom/xformable.cpp -- The xformOp 'xformOp:orient' already exists in xformOpOrder [[xformOp:translate, xformOp:orient, xformOp:scale, xformOp:rotateX:unitsResolve]].

2026-07-06 05:03:49 [39,545ms] [Warning] [omni.usd] Coding Error: in AddXformOp at line 190 of /buildAgent/work/ac88d7d902b57417/USD/pxr/usd/usdGeom/xformable.cpp -- The xformOp 'xformOp:scale' already exists in xformOpOrder [[xformOp:translate, xformOp:orient, xformOp:scale, xformOp:rotateX:unitsResolve]].

2026-07-06 05:03:49 [39,545ms] [Warning] [omni.usd] Coding Error: in AddXformOp at line 190 of /buildAgent/work/ac88d7d902b57417/USD/pxr/usd/usdGeom/xformable.cpp -- The xformOp 'xformOp:translate' already exists in xformOpOrder [[xformOp:translate, xformOp:orient, xformOp:scale, xformOp:rotateX:unitsResolve]].

2026-07-06 05:03:49 [39,545ms] [Warning] [omni.usd] Coding Error: in AddXformOp at line 190 of /buildAgent/work/ac88d7d902b57417/USD/pxr/usd/usdGeom/xformable.cpp -- The xformOp 'xformOp:orient' already exists in xformOpOrder [[xformOp:translate, xformOp:orient, xformOp:scale, xformOp:rotateX:unitsResolve]].

2026-07-06 05:03:49 [39,545ms] [Warning] [omni.usd] Coding Error: in AddXformOp at line 190 of /buildAgent/work/ac88d7d902b57417/USD/pxr/usd/usdGeom/xformable.cpp -- The xformOp 'xformOp:scale' already exists in xformOpOrder [[xformOp:translate, xformOp:orient, xformOp:scale, xformOp:rotateX:unitsResolve]].

2026-07-06 05:03:49 [39,545ms] [Warning] [omni.usd] Coding Error: in AddXformOp at line 190 of /buildAgent/work/ac88d7d902b57417/USD/pxr/usd/usdGeom/xformable.cpp -- The xformOp 'xformOp:translate' already exists in xformOpOrder [[xformOp:translate, xformOp:orient, xformOp:scale, xformOp:rotateX:unitsResolve]].

2026-07-06 05:03:49 [39,545ms] [Warning] [omni.usd] Coding Error: in AddXformOp at line 190 of /buildAgent/work/ac88d7d902b57417/USD/pxr/usd/usdGeom/xformable.cpp -- The xformOp 'xformOp:orient' already exists in xformOpOrder [[xformOp:translate, xformOp:orient, xformOp:scale, xformOp:rotateX:unitsResolve]].

2026-07-06 05:03:49 [39,545ms] [Warning] [omni.usd] Coding Error: in AddXformOp at line 190 of /buildAgent/work/ac88d7d902b57417/USD/pxr/usd/usdGeom/xformable.cpp -- The xformOp 'xformOp:scale' already exists in xformOpOrder [[xformOp:translate, xformOp:orient, xformOp:scale, xformOp:rotateX:unitsResolve]].

2026-07-06 05:03:49 [40,081ms] [Warning] [omni.syntheticdata.plugin] OgnSdPostRenderVarToHost : rendervar copy from texture directly to host buffer is counter-performant. Please use copy from texture to device buffer first.
2026-07-06 05:03:50 [41,057ms] [Warning] [carb.windowing-glfw.plugin] GLFW initialization failed.
2026-07-06 05:03:50 [41,057ms] [Warning] [carb] Failed to startup plugin carb.windowing-glfw.plugin (interfaces: [carb::windowing::IGLContext v1.0],[carb::windowing::IWindowing v1.4]) (impl: carb.windowing-glfw.plugin)
2026-07-06 05:03:50 [41,406ms] [Warning] [carb] Plugin interface for a client: omni.hydratexture.plugin was already released.
2026-07-06 05:03:50 [41,406ms] [Warning] [omni.usd] Unexpected reference count of 2 for UsdStage '/cpfs/user/zhuzihou/assets/scenario_forge_runs/phase13_s2d12_soap_to_dish_static_candidate_20260706/package/scene/main.usda' while being closed in UsdContext (this may indicate it is still resident in memory).
[41.535s] Simulation App Shutting Down

--- STDERR ---
Warning: Possible version incompatibility. Attempting to load omni::fabric::IPath with version v0.2 against v0.1.
Warning: Possible version incompatibility. Attempting to load omni::fabric::IPath with version v0.2 against v0.1.
