[Warning] [omni.isaac.kit.simulation_app] Modules: ['omni.kit_app'] were loaded before SimulationApp was started and might not be loaded correctly.
[Warning] [omni.isaac.kit.simulation_app] Please check to make sure no extra omniverse or pxr modules are imported before the call to SimulationApp(...)
[Info] [carb] Logging to file: /cpfs/shared/simulation/zhuzihou/dev/conda-managed/envs/embodied-eval-os-sim-isaacsim41-genmanip-py310/lib/python3.10/site-packages/omni/logs/Kit/Isaac-Sim/4.1/kit_20260705_053833.log
2026-07-04 21:38:33 [1ms] [Warning] [omni.kit.app.plugin] No crash reporter present, dumps uploading isn't available.
[0.233s] [ext: omni.kit.async_engine-0.0.0] startup
[3.436s] [ext: omni.stats-1.0.1] startup
[3.438s] [ext: omni.client-1.1.0] startup
[3.482s] [ext: omni.datastore-0.0.0] startup
[3.484s] [ext: omni.blobkey-1.1.0] startup
[3.485s] [ext: omni.ujitso.default-1.0.0] startup
[3.488s] [ext: omni.hsscclient-0.0.0] startup
[3.490s] [ext: omni.rtx.shadercache.vulkan-1.0.0] startup
[3.496s] [ext: omni.assets.plugins-0.0.0] startup
[3.501s] [ext: omni.gpu_foundation-0.0.0] startup
[3.546s] [ext: carb.windowing.plugins-1.0.0] startup
2026-07-04 21:38:37 [3,509ms] [Warning] [carb.windowing-glfw.plugin] GLFW initialization failed.
2026-07-04 21:38:37 [3,509ms] [Warning] [carb] Failed to startup plugin carb.windowing-glfw.plugin (interfaces: [carb::windowing::IGLContext v1.0],[carb::windowing::IWindowing v1.4]) (impl: carb.windowing-glfw.plugin)
[3.549s] [ext: omni.kit.renderer.init-0.0.0] startup
2026-07-04 21:38:37 [3,567ms] [Warning] [omni.platforminfo.plugin] failed to open the default display.  Can't verify X Server version.

|---------------------------------------------------------------------------------------------|
| Driver Version: 570.153.02    | Graphics API: Vulkan
|=============================================================================================|
| GPU | Name                             | Active | LDA | GPU Memory | Vendor-ID | LUID       |
|     |                                  |        |     |            | Device-ID | UUID       |
|     |                                  |        |     |            | Bus-ID    |            |
|---------------------------------------------------------------------------------------------|
| 0   | NVIDIA GeForce RTX 4090          | Yes: 0 |     | 46314   MB | 10de      | 0          |
|     |                                  |        |     |            | 2684      | f12b8fdb.. |
|     |                                  |        |     |            | 8         |            |
|=============================================================================================|
| OS: 22.04.5 LTS (Jammy Jellyfish) ubuntu, Version: 22.04.5, Kernel: 5.10.134-17.3.al8.x86_64
| Processor: Intel(R) Xeon(R) Gold 6462C | Cores: 64 | Logical: 128
|---------------------------------------------------------------------------------------------|
| Total Memory (MB): 1031320 | Free Memory: 82223
| Total Page/Swap (MB): 0 | Free Page/Swap: 0
|---------------------------------------------------------------------------------------------|
2026-07-04 21:38:38 [4,348ms] [Warning] [gpu.foundation.plugin] ECC is enabled on physical device 0
2026-07-04 21:38:38 [4,349ms] [Warning] [gpu.foundation.plugin] IOMMU is enabled.
[4.579s] [ext: omni.kit.pipapi-0.0.0] startup
[4.581s] [ext: omni.kit.pip_archive-0.0.0] startup
[4.582s] [ext: omni.mtlx-0.1.0] startup
[4.584s] [ext: omni.usd.config-1.0.4] startup
[4.634s] [ext: omni.gpucompute.plugins-0.0.0] startup
[4.637s] [ext: omni.usd.libs-1.0.1] startup
[4.787s] [ext: omni.kit.telemetry-0.5.0] startup
[4.852s] [ext: omni.kit.loop-isaac-1.2.0] startup
[4.854s] [ext: omni.kit.test-0.0.0] startup
[4.974s] [ext: omni.appwindow-1.1.8] startup
2026-07-04 21:38:38 [4,937ms] [Warning] [carb.windowing-glfw.plugin] GLFW initialization failed.
2026-07-04 21:38:38 [4,937ms] [Warning] [carb] Failed to startup plugin carb.windowing-glfw.plugin (interfaces: [carb::windowing::IGLContext v1.0],[carb::windowing::IWindowing v1.4]) (impl: carb.windowing-glfw.plugin)
[4.979s] [ext: omni.kit.renderer.core-1.0.1] startup
2026-07-04 21:38:38 [4,943ms] [Warning] [carb.windowing-glfw.plugin] GLFW initialization failed.
2026-07-04 21:38:38 [4,943ms] [Warning] [carb] Failed to startup plugin carb.windowing-glfw.plugin (interfaces: [carb::windowing::IGLContext v1.0],[carb::windowing::IWindowing v1.4]) (impl: carb.windowing-glfw.plugin)
2026-07-04 21:38:38 [4,951ms] [Warning] [carb.windowing-glfw.plugin] GLFW initialization failed.
2026-07-04 21:38:38 [4,951ms] [Warning] [carb] Failed to startup plugin carb.windowing-glfw.plugin (interfaces: [carb::windowing::IGLContext v1.0],[carb::windowing::IWindowing v1.4]) (impl: carb.windowing-glfw.plugin)
[4.994s] [ext: omni.kit.renderer.capture-0.0.0] startup
[4.999s] [ext: omni.kit.renderer.imgui-1.0.1] startup
2026-07-04 21:38:38 [4,973ms] [Warning] [carb.windowing-glfw.plugin] GLFW initialization failed.
2026-07-04 21:38:38 [4,973ms] [Warning] [carb] Failed to startup plugin carb.windowing-glfw.plugin (interfaces: [carb::windowing::IGLContext v1.0],[carb::windowing::IWindowing v1.4]) (impl: carb.windowing-glfw.plugin)
2026-07-04 21:38:38 [4,975ms] [Warning] [carb.windowing-glfw.plugin] GLFW initialization failed.
2026-07-04 21:38:38 [4,975ms] [Warning] [carb] Failed to startup plugin carb.windowing-glfw.plugin (interfaces: [carb::windowing::IGLContext v1.0],[carb::windowing::IWindowing v1.4]) (impl: carb.windowing-glfw.plugin)
2026-07-04 21:38:38 [4,976ms] [Warning] [carb.windowing-glfw.plugin] GLFW initialization failed.
2026-07-04 21:38:38 [4,976ms] [Warning] [carb] Failed to startup plugin carb.windowing-glfw.plugin (interfaces: [carb::windowing::IGLContext v1.0],[carb::windowing::IWindowing v1.4]) (impl: carb.windowing-glfw.plugin)
[5.106s] [ext: omni.ui-2.23.11] startup
[5.118s] [ext: omni.kit.mainwindow-1.0.3] startup
[5.122s] [ext: carb.audio-0.1.0] startup
[5.124s] [ext: omni.uiaudio-1.0.0] startup
[5.127s] [ext: omni.kit.uiapp-0.0.0] startup
[5.127s] [ext: omni.usd.schema.audio-0.0.0] startup
[5.236s] [ext: omni.usd.schema.physx-106.0.20] startup
[5.276s] [ext: omni.usd.schema.forcefield-106.0.20] startup
[5.284s] [ext: omni.usd.schema.anim-0.0.0] startup
[5.311s] [ext: omni.usd.schema.omniscripting-1.0.0] startup
[5.319s] [ext: omni.usd.schema.omnigraph-1.0.0] startup
[5.329s] [ext: omni.anim.graph.schema-106.0.2] startup
[5.338s] [ext: omni.anim.navigation.schema-106.0.2] startup
[5.345s] [ext: omni.usd.schema.isaac-2.1.0] startup
[5.356s] [ext: omni.usd.schema.semantics-0.0.0] startup
[5.362s] [ext: omni.usd.schema.geospatial-0.0.0] startup
[5.367s] [ext: omni.usd.schema.scene.visualization-2.0.2] startup
[5.374s] [ext: omni.graph.exec-0.9.3] startup
[5.376s] [ext: omni.usd_resolver-1.0.0] startup
[5.390s] [ext: omni.activity.core-1.0.1] startup
[5.394s] [ext: omni.kit.usd_undo-0.1.8] startup
[5.395s] [ext: omni.kit.exec.core-0.13.2] startup
[5.401s] [ext: omni.usd.core-1.2.11] startup
[5.405s] [ext: omni.kit.actions.core-1.0.0] startup
[5.409s] [ext: omni.resourcemonitor-105.0.1] startup
[5.414s] [ext: omni.kit.window.popup_dialog-2.0.24] startup
[5.422s] [ext: omni.timeline-1.0.10] startup
[5.425s] [ext: omni.kit.commands-1.4.9] startup
[5.433s] [ext: usdrt.scenegraph-7.4.8] startup
[5.489s] [ext: omni.kit.widget.nucleus_connector-1.1.8] startup
[5.493s] [ext: omni.kit.audiodeviceenum-1.0.1] startup
[5.496s] [ext: omni.hydra.usdrt_delegate-7.4.7] startup
[5.521s] [ext: omni.hydra.scene_delegate-0.3.3] startup
[5.529s] [ext: omni.kit.collaboration.telemetry-1.0.0] startup
[5.530s] [ext: omni.usd-1.11.2] startup
[5.589s] [ext: omni.kit.collaboration.channel_manager-1.0.11] startup
[5.591s] [ext: omni.kit.usd.layers-2.1.31] startup
[5.606s] [ext: omni.kit.collaboration.presence_layer-1.0.8] startup
[5.611s] [ext: omni.kit.window.cursor-1.1.2] startup
[5.614s] [ext: omni.kit.menu.utils-1.5.27] startup
[5.633s] [ext: omni.iray.libs-0.0.0] startup
[5.646s] [ext: omni.kit.primitive.mesh-1.0.16] startup
[5.655s] [ext: omni.mdl.neuraylib-0.2.5] startup
[5.659s] [ext: omni.hydra.engine.stats-1.0.2] startup
[5.665s] [ext: omni.kit.widget.searchable_combobox-1.0.6] startup
[5.667s] [ext: omni.kit.widget.path_field-2.0.9] startup
[5.670s] [ext: omni.kit.clipboard-1.0.3] startup
[5.672s] [ext: omni.ujitso.processor.texture-1.0.0] startup
[5.674s] [ext: omni.kit.widget.browser_bar-2.0.10] startup
[5.676s] [ext: omni.kit.notification_manager-1.0.8] startup
[5.683s] [ext: omni.volume-0.5.0] startup
[5.686s] [ext: omni.ujitso.client-0.0.0] startup
[5.687s] [ext: omni.kit.helper.file_utils-0.1.8] startup
[5.690s] [ext: omni.kit.widget.nucleus_info-1.0.2] startup
[5.692s] [ext: omni.kit.widget.filebrowser-2.10.48] startup
[5.704s] [ext: omni.kit.search_core-1.0.5] startup
[5.707s] [ext: omni.kit.widget.options_menu-1.1.4] startup
[5.714s] [ext: omni.ui.scene-1.9.3] startup
[5.720s] [ext: omni.kit.widget.search_delegate-1.0.4] startup
[5.723s] [ext: omni.kit.widget.options_button-1.0.2] startup
[5.725s] [ext: omni.kit.widget.context_menu-1.2.1] startup
[5.728s] [ext: omni.kit.hotkeys.core-1.3.3] startup
[5.728s] [ext: omni.kit.window.filepicker-2.10.34] startup
[5.760s] [ext: omni.hydra.rtx-0.2.0] startup
[5.789s] [ext: omni.kit.context_menu-1.8.0] startup
[5.793s] [ext: omni.mdl-52.0.1] startup
[5.806s] [ext: omni.kit.window.file_importer-1.1.11] startup
[5.808s] [ext: omni.kit.raycast.query-1.0.5] startup
[5.818s] [ext: omni.kit.viewport.registry-104.0.6] startup
[5.820s] [ext: omni.kit.viewport.legacy_gizmos-1.0.15] startup
[5.825s] [ext: omni.kit.material.library-1.4.4] startup
[5.833s] [ext: omni.kit.window.file_exporter-1.0.29] startup
[5.835s] [ext: omni.kit.hydra_texture-1.2.6] startup
[5.844s] [ext: omni.kit.window.drop_support-1.0.2] startup
[5.845s] [ext: omni.kit.widget.viewport-106.0.3] startup
[5.853s] [ext: omni.kit.widget.filter-1.1.4] startup
[5.855s] [ext: omni.kit.viewport.window-106.0.8] startup
[5.881s] [ext: omni.kit.widget.settings-1.1.1] startup
[5.884s] [ext: omni.kit.widget.prompt-1.0.7] startup
[5.886s] [ext: omni.kit.viewport.utility-1.0.17] startup
[5.887s] [ext: omni.kit.window.preferences-1.5.3] startup
[5.950s] [ext: omni.kit.widget.live_session_management.ui-1.0.1] startup
[5.957s] [ext: omni.kit.viewport.actions-106.0.3] startup
[5.961s] [ext: omni.kit.widget.stage-2.10.26] startup
[5.983s] [ext: omni.kit.stage_template.core-1.1.21] startup
[5.985s] [ext: omni.kit.widget.live_session_management-1.2.18] startup
[5.990s] [ext: omni.kit.viewport.menubar.core-106.0.2] startup
[6.028s] [ext: omni.kit.manipulator.transform-104.7.5] startup
[6.033s] [ext: omni.kit.stage_templates-1.2.3] startup
[6.037s] [ext: omni.debugdraw-0.1.3] startup
[6.045s] [ext: omni.kit.viewport.menubar.display-106.0.2] startup
[6.048s] [ext: omni.kvdb-106.0.20] startup
[6.053s] [ext: omni.inspect-1.0.1] startup
[6.056s] [ext: omni.kit.window.file-1.3.52] startup
[6.061s] [ext: omni.kit.window.content_browser_registry-0.0.6] startup
[6.063s] [ext: omni.usdphysics-106.0.20] startup
[6.067s] [ext: omni.convexdecomposition-106.0.20] startup
[6.075s] [ext: omni.kit.window.content_browser-2.9.14] startup
[6.093s] [ext: omni.usdphysics.ui-106.0.20] startup
[6.119s] [ext: omni.localcache-106.0.20] startup
[6.124s] [ext: omni.physx.foundation-106.0.20] startup
[6.125s] [ext: omni.kit.widget.highlight_label-1.0.2] startup
[6.127s] [ext: omni.graph.core-2.170.3] startup
[6.132s] [ext: omni.kit.widget.searchfield-1.1.6] startup
[6.135s] [ext: omni.physx.cooking-106.0.20] startup
[6.267s] [ext: omni.kit.widget.text_editor-1.0.2] startup
[6.273s] [ext: omni.graph.image.core-0.3.2] startup
[6.280s] [ext: omni.kit.window.property-1.11.1] startup
[6.289s] [ext: omni.physx-106.0.20] startup
[6.315s] [ext: omni.kit.widget.toolbar-1.6.2] startup
[6.336s] [ext: omni.kit.property.usd-3.21.28] startup
[6.354s] [ext: omni.physx.stageupdate-106.0.20] startup
[6.361s] [ext: omni.physx.commands-106.0.20] startup
[6.367s] [ext: omni.kit.manipulator.tool.snap-1.4.5] startup
[6.380s] [ext: omni.graph.tools-1.78.0] startup
[6.432s] [ext: omni.physx.ui-106.0.20] startup
[6.477s] [ext: omni.graph-1.135.0] startup
[6.538s] [ext: omni.physx.demos-106.0.20] startup
[6.590s] [ext: omni.graph.image.noWarning: Possible version incompatibility. Attempting to load omni::fabric::IPath with version v0.2 against v0.1.
Warning: Possible version incompatibility. Attempting to load omni::fabric::IPath with version v0.2 against v0.1.
des-1.0.2] startup
[6.593s] [ext: omni.graph.action_core-1.1.4] startup
[6.604s] [ext: omni.isaac.version-1.1.0] startup
[6.607s] [ext: omni.syntheticdata-0.6.7] startup
[6.649s] [ext: omni.physx.graph-106.0.20] startup
[6.676s] [ext: omni.isaac.nucleus-0.3.0] startup
[6.680s] [ext: omni.physx.telemetry-106.0.20] startup
[6.695s] [ext: omni.kit.manipulator.selector-1.1.1] startup
[6.699s] [ext: omni.ui_query-1.1.2] startup
[6.701s] [ext: omni.kit.widget.graph-1.12.8] startup
[6.713s] [ext: omni.kit.property.material-1.9.4] startup
[6.721s] [ext: omni.kit.window.extensions-1.4.9] startup
[6.735s] [ext: omni.kit.property.physx-106.0.20] startup
[6.814s] [ext: omni.graph.ui-1.70.0] startup
[6.862s] [ext: omni.physx.vehicle-106.0.20] startup
[6.901s] [ext: omni.kit.manipulator.viewport-107.0.0] startup
[6.905s] [ext: omni.kit.viewport.manipulator.transform-106.0.1] startup
[6.908s] [ext: omni.kit.ui_test-1.2.18] startup
[6.913s] [ext: omni.graph.action_nodes-1.23.0] startup
[6.924s] [ext: omni.physx.camera-106.0.20] startup
[6.942s] [ext: omni.fabric.commands-1.1.4] startup
[6.951s] [ext: omni.kit.manipulator.prim.core-107.0.3] startup
[6.970s] [ext: omni.physx.cct-106.0.20] startup
[7.006s] [ext: omni.graph.action-1.102.1] startup
[7.009s] [ext: omni.graph.nodes-1.143.0] startup
[7.025s] [ext: omni.graph.ui_nodes-1.25.1] startup
[7.037s] [ext: omni.kit.manipulator.prim.fabric-106.0.1] startup
[7.051s] [ext: omni.physics.tensors-106.0.20] startup
[7.066s] [ext: omni.kit.graph.delegate.default-1.2.2] startup
[7.078s] [ext: omni.kit.manipulator.prim.usd-106.0.1] startup
[7.081s] [ext: omni.graph.bundle.action-2.0.4] startup
[7.082s] [ext: omni.command.usd-1.0.3] startup
[7.086s] [ext: omni.physx.tensors-106.0.20] startup
[7.093s] [ext: omni.kit.graph.editor.core-1.5.3] startup
[7.104s] [ext: omni.kit.manipulator.prim-106.0.0] startup
[7.104s] [ext: omni.kit.manipulator.selection-104.0.9] startup
[7.110s] [ext: omni.kit.widget.layers-1.7.9] startup
[7.194s] [ext: omni.kit.window.toolbar-1.6.1] startup
[7.210s] [ext: omni.kit.graph.usd.commands-1.3.1] startup
[7.224s] [ext: omni.kit.widget.material_preview-1.0.16] startup
[7.234s] [ext: omni.physx.supportui-106.0.20] startup
[7.259s] [ext: omni.warp.core-1.2.1] startup
[7.321s] [ext: omni.kit.window.material_graph-1.8.15] startup
[7.371s] [ext: omni.kit.numpy.common-0.1.2] startup
[7.374s] [ext: omni.warp-1.2.1] startup
[7.382s] [ext: omni.sensors.tiled-0.0.4] startup
[7.386s] [ext: omni.physx.bundle-106.0.20] startup
[7.387s] [ext: omni.graph.scriptnode-1.19.1] startup
[7.390s] [ext: omni.isaac.dynamic_control-1.3.8] startup
[7.407s] [ext: omni.replicator.core-1.11.14] startup
2026-07-04 21:38:41 [7,680ms] [Warning] [omni.replicator.core.scripts.annotators] Annotator PostProcessDispatch is already registered, overwriting annotator template
[8.001s] [ext: omni.isaac.core-3.18.1] startup
[9.768s] [ext: omni.graph.visualization.nodes-2.1.1] startup
[9.782s] [ext: omni.isaac.core_nodes-1.16.1] startup
[9.808s] [ext: omni.isaac.cloner-0.8.1] startup
[9.810s] [ext: omni.isaac.ui-0.16.0] startup
[9.826s] [ext: omni.kit.graph.widget.variables-2.1.0] startup
[9.832s] [ext: omni.kit.graph.delegate.modern-1.10.6] startup
[9.838s] [ext: omni.isaac.wheeled_robots-2.3.3] startup
[9.859s] [ext: omni.isaac.gym-0.11.3] startup
[9.862s] [ext: omni.graph.window.core-1.109.0] startup
[9.887s] [ext: omni.isaac.debug_draw-1.1.0] startup
[9.897s] [ext: omni.isaac.block_world-1.0.0] startup
[9.904s] [ext: omni.graph.window.generic-1.24.0] startup
[9.915s] [ext: omni.isaac.menu-0.5.0] startup
[9.919s] [ext: omni.isaac.occupancy_map-1.0.2] startup
[9.941s] [ext: omni.importer.mjcf-1.1.1] startup
[9.962s] [ext: omni.graph.window.action-1.26.0] startup
[9.972s] [ext: omni.kit.widget.live-2.1.6] startup
[9.977s] [ext: omni.kit.actions.window-1.1.1] startup
[9.988s] [ext: omni.kit.ui.actions-1.0.1] startup
[9.991s] [ext: omni.kit.widget.cache_indicator-2.0.8] startup
[10.061s] [ext: omni.kit.hotkeys.window-1.4.5] startup
[10.078s] [ext: omni.kit.selection-0.1.4] startup
[10.080s] [ext: omni.kit.menu.common-1.1.5] startup
[10.084s] [ext: omni.sensors.nv.common-1.2.2-isaac] startup
[10.108s] [ext: omni.isaac.kit-1.13.0] startup
[10.108s] [ext: omni.kit.menu.edit-1.1.24] startup
[10.114s] [ext: omni.kit.menu.file-1.1.10] startup
[10.118s] [ext: omni.isaac.range_sensor-3.1.1] startup
[10.153s] [ext: omni.sensors.nv.materials-1.2.1-isaac] startup
[10.160s] [ext: omni.kit.property.audio-1.0.11] startup
[10.164s] [ext: omni.kit.widget.stage_icons-1.0.4] startup
[10.167s] [ext: omni.kit.property.geometry-1.3.0] startup
[10.172s] [ext: omni.kit.property.camera-1.0.6] startup
[10.176s] [ext: omni.sensors.nv.lidar-1.2.2-isaac] startup
[10.183s] [ext: omni.sensors.nv.wpm-1.2.1-isaac] startup
[10.187s] [ext: omni.hydra.scene_api-0.1.2] startup
[10.196s] [ext: omni.kit.window.stage-2.5.10] startup
[10.202s] [ext: omni.kit.property.render-1.1.1] startup
[10.205s] [ext: omni.kit.property.light-1.0.8] startup
[10.209s] [ext: omni.sensors.nv.radar-1.2.1-isaac] startup
[10.219s] [ext: omni.kit.property.transform-1.5.1] startup
[10.226s] [ext: omni.kit.menu.stage-1.2.5] startup
[10.229s] [ext: omni.kit.profiler.window-2.2.1] startup
2026-07-04 21:38:43 [10,199ms] [Warning] [omni.kit.profiler.window] remove _SpanInstance.__lt__ and use insort 'key' arg instead
[10.728s] [ext: omni.kit.property.bundle-1.2.11] startup
[10.733s] [ext: omni.kit.property.isaac-0.2.3] startup
[10.737s] [ext: omni.isaac.sensor-12.7.1] startup
[10.826s] [ext: omni.isaac.surface_gripper-1.0.1] startup
[10.835s] [ext: omni.kit.stage_column.payload-2.0.0] startup
[10.845s] [ext: omni.kit.property.layer-1.1.6] startup
[10.859s] [ext: omni.isaac.scene_blox-0.1.2] startup
[10.862s] [ext: omni.isaac.quadruped-1.4.5] startup
[10.879s] [ext: omni.isaac.manipulators-2.1.0] startup
[10.889s] [ext: omni.isaac.lula-3.0.1] startup
[10.910s] [ext: omni.kit.viewport.menubar.render-106.1.3] startup
[10.920s] [ext: omni.kit.viewport.menubar.settings-106.0.1] startup
[10.931s] [ext: omni.kit.viewport.menubar.camera-105.1.8] startup
[10.943s] [ext: omni.kit.manipulator.camera-105.0.5] startup
[10.951s] [ext: omni.isaac.motion_generation-7.1.0] startup
[10.966s] [ext: omni.kit.widget.calendar-1.0.8] startup
[10.970s] [ext: omni.kit.stage_column.variant-1.0.13] startup
[10.973s] [ext: omni.kit.viewport.bundle-104.0.1] startup
[10.974s] [ext: omni.isaac.universal_robots-0.3.5] startup
[10.976s] [ext: omni.kit.widget.extended_searchfield-1.0.28] startup
[10.992s] [ext: omni.kit.widget.timeline-105.0.1] startup
[10.999s] [ext: omni.kit.window.commands-0.2.5] startup
[11.004s] [ext: omni.kit.window.console-0.2.12] startup
[11.017s] [ext: omni.kit.window.script_editor-1.7.6] startup
[11.022s] [ext: omni.kit.menu.create-1.0.13] startup
[11.025s] [ext: omni.kit.window.status_bar-0.1.6] startup
[11.035s] [ext: omni.rtx.window.settings-0.6.16] startup
[11.043s] [ext: omni.isaac.franka-0.4.1] startup
[11.046s] [ext: omni.kit.window.title-1.1.3] startup
2026-07-04 21:38:44 [11,010ms] [Warning] [carb.windowing-glfw.plugin] GLFW initialization failed.
2026-07-04 21:38:44 [11,010ms] [Warning] [carb] Failed to startup plugin carb.windowing-glfw.plugin (interfaces: [carb::windowing::IGLContext v1.0],[carb::windowing::IWindowing v1.4]) (impl: carb.windowing-glfw.plugin)
2026-07-04 21:38:44 [11,012ms] [Warning] [carb.windowing-glfw.plugin] GLFW initialization failed.
2026-07-04 21:38:44 [11,012ms] [Warning] [carb] Failed to startup plugin carb.windowing-glfw.plugin (interfaces: [carb::windowing::IGLContext v1.0],[carb::windowing::IWindowing v1.4]) (impl: carb.windowing-glfw.plugin)
[11.053s] [ext: omni.replicator.isaac-1.15.0] startup
[11.111s] [ext: omni.replicator.replicator_yaml-2.0.5] startup
[11.155s] [ext: omni.rtx.settings.core-0.6.0] startup
[11.166s] [ext: omni.isaac.cortex-0.3.8] startup
[11.167s] [ext: omni.kit.viewport.menubar.lighting-106.0.2] startup
[11.174s] [ext: semantics.schema.editor-0.3.6] startup
[11.179s] [ext: semantics.schema.property-1.0.3] startup
[11.182s] [ext: omni.kit.viewport.rtx-104.0.1] startup
[11.183s] [ext: omni.isaac.utils-1.0.1] startup
[11.188s] [ext: omni.isaac.cortex.sample_behaviors-1.0.5] startup
[11.190s] [ext: omni.importer.urdf-1.14.1] startup
[11.240s] [ext: omni.kit.window.stats-0.1.6] startup
[11.247s] [ext: omni.isaac.sim.python-4.1.0] startup
[11.249s] Simulation App Starting
2026-07-04 21:38:45 [11,409ms] [Warning] [rtx.neuraylib.plugin] [IRAY:RENDER]   1.1   IRAY   rend warn : CUDA device 0 (NVIDIA GeForce RTX 4090): ECC is enabled, this will reduce rendering performance (it is strongly recommended to disable ECC with iray)
[13.393s] app ready
Starting kit application with the following args:  ['/cpfs/shared/simulation/zhuzihou/dev/conda-managed/envs/embodied-eval-os-sim-isaacsim41-genmanip-py310/lib/python3.10/site-packages/isaacsim/exts/omni.isaac.kit/omni/isaac/kit/simulation_app.py', '/cpfs/shared/simulation/zhuzihou/dev/conda-managed/envs/embodied-eval-os-sim-isaacsim41-genmanip-py310/lib/python3.10/site-packages/isaacsim/apps/omni.isaac.sim.python.kit', '--/app/tokens/exe-path=/cpfs/shared/simulation/zhuzihou/dev/conda-managed/envs/embodied-eval-os-sim-isaacsim41-genmanip-py310/lib/python3.10/site-packages/omni', '--/persistent/app/viewport/displayOptions=3094', '--/rtx/materialDb/syncLoads=True', '--/rtx/hydra/materialSyncLoads=True', '--/omni.kit.plugin/syncUsdLoads=True', '--/app/renderer/resolution/width=1280', '--/app/renderer/resolution/height=720', '--/app/window/width=1440', '--/app/window/height=900', '--/renderer/multiGpu/enabled=False', '--/app/fastShutdown=True', '--ext-folder', '/cpfs/shared/simulation/zhuzihou/dev/conda-managed/envs/embodied-eval-os-sim-isaacsim41-genmanip-py310/lib/python3.10/site-packages/isaacsim/exts', '--ext-folder', '/cpfs/shared/simulation/zhuzihou/dev/conda-managed/envs/embodied-eval-os-sim-isaacsim41-genmanip-py310/lib/python3.10/site-packages/isaacsim/apps', '--/physics/cudaDevice=0', '--portable', '--no-window', '--/app/window/hideUi=1', '--allow-root']
Passing the following args to the base kit application:  []
Warp 1.2.1 initialized:
   CUDA Toolkit 11.8, Driver 12.8
   Devices:
     "cpu"      : "x86_64"
     "cuda:0"   : "NVIDIA GeForce RTX 4090" (44 GiB, sm_89, mempool enabled)
   Kernel cache:
     /root/.cache/warp/1.2.1
Opening stage /tmp/ebench-soap-to-dish-canary-nomdl-relink/scene/main.usda
Opened=True stage=True
2026-07-04 21:38:47 [13,513ms] [Warning] [omni.kit.imgui_renderer.plugin] _createExtendCursor: No windowing.
2026-07-04 21:38:47 [13,513ms] [Warning] [omni.kit.imgui_renderer.plugin] _createExtendCursor: No windowing.
[14.207s] Simulation App Startup Complete
2026-07-04 21:38:48 [14,473ms] [Warning] [rtx.neuraylib.plugin] [MDLC:COMPILER]   1.0   MDLC   comp warn : file:/cpfs/shared/simulation/zhuzihou/dev/conda-managed/envs/embodied-eval-os-sim-isaacsim41-genmanip-py310/lib/python3.10/site-packages/omni/mdl/core/mdl/gltf/pbr.mdl?watch=00007f3991190470(823,21): C183 unused parameter 'vertex_opacity_name_spec'
2026-07-04 21:38:48 [14,474ms] [Warning] [rtx.neuraylib.plugin] [MDLC:COMPILER]   1.0   MDLC   comp warn : file:/cpfs/shared/simulation/zhuzihou/dev/conda-managed/envs/embodied-eval-os-sim-isaacsim41-genmanip-py310/lib/python3.10/site-packages/omni/mdl/core/mdl/gltf/pbr.mdl?watch=00007f3991190470(823,21): C183 unused parameter 'vertex_opacity_name_spec'
2026-07-04 21:38:48 [14,484ms] [Warning] [rtx.neuraylib.plugin] [MDLC:COMPILER]   1.0   MDLC   comp warn : file:/cpfs/shared/simulation/zhuzihou/dev/conda-managed/envs/embodied-eval-os-sim-isaacsim41-genmanip-py310/lib/python3.10/site-packages/omni/mdl/core/mdl/gltf/pbr.mdl?watch=00007f3991190470(823,21): C183 unused parameter 'vertex_opacity_name_spec'
2026-07-04 21:38:48 [14,484ms] [Warning] [rtx.neuraylib.plugin] [MDLC:COMPILER]   1.0   MDLC   comp warn : file:/cpfs/shared/simulation/zhuzihou/dev/conda-managed/envs/embodied-eval-os-sim-isaacsim41-genmanip-py310/lib/python3.10/site-packages/omni/mdl/core/mdl/gltf/pbr.mdl?watch=00007f3991190470(823,21): C183 unused parameter 'vertex_opacity_name_spec'
2026-07-04 21:38:49 [15,318ms] [Warning] [omni.hydra] Mesh '/World/Instances/environment_scene/Asset/layout/Meshes/Animation/washingmachine/model_4ccdcfde6a7f0a3ff4c6bff6b8a47c43_0/Instance/Group_320/Component_22' has corrupted data in primvar 'normal': buffer size 1074 doesn't match expected size 181 in vertex primvars
2026-07-04 21:38:49 [16,046ms] [Warning] [omni.usd] Coding Error: in AddXformOp at line 190 of /buildAgent/work/ac88d7d902b57417/USD/pxr/usd/usdGeom/xformable.cpp -- The xformOp 'xformOp:translate' already exists in xformOpOrder [[xformOp:translate, xformOp:orient, xformOp:scale, xformOp:rotateX:unitsResolve]].

2026-07-04 21:38:49 [16,046ms] [Warning] [omni.usd] Coding Error: in AddXformOp at line 190 of /buildAgent/work/ac88d7d902b57417/USD/pxr/usd/usdGeom/xformable.cpp -- The xformOp 'xformOp:orient' already exists in xformOpOrder [[xformOp:translate, xformOp:orient, xformOp:scale, xformOp:rotateX:unitsResolve]].

2026-07-04 21:38:49 [16,046ms] [Warning] [omni.usd] Coding Error: in AddXformOp at line 190 of /buildAgent/work/ac88d7d902b57417/USD/pxr/usd/usdGeom/xformable.cpp -- The xformOp 'xformOp:scale' already exists in xformOpOrder [[xformOp:translate, xformOp:orient, xformOp:scale, xformOp:rotateX:unitsResolve]].

2026-07-04 21:38:49 [16,046ms] [Warning] [omni.usd] Coding Error: in AddXformOp at line 190 of /buildAgent/work/ac88d7d902b57417/USD/pxr/usd/usdGeom/xformable.cpp -- The xformOp 'xformOp:translate' already exists in xformOpOrder [[xformOp:translate, xformOp:orient, xformOp:scale, xformOp:rotateX:unitsResolve]].

2026-07-04 21:38:49 [16,046ms] [Warning] [omni.usd] Coding Error: in AddXformOp at line 190 of /buildAgent/work/ac88d7d902b57417/USD/pxr/usd/usdGeom/xformable.cpp -- The xformOp 'xformOp:orient' already exists in xformOpOrder [[xformOp:translate, xformOp:orient, xformOp:scale, xformOp:rotateX:unitsResolve]].

2026-07-04 21:38:49 [16,046ms] [Warning] [omni.usd] Coding Error: in AddXformOp at line 190 of /buildAgent/work/ac88d7d902b57417/USD/pxr/usd/usdGeom/xformable.cpp -- The xformOp 'xformOp:scale' already exists in xformOpOrder [[xformOp:translate, xformOp:orient, xformOp:scale, xformOp:rotateX:unitsResolve]].

2026-07-04 21:38:49 [16,046ms] [Warning] [omni.usd] Coding Error: in AddXformOp at line 190 of /buildAgent/work/ac88d7d902b57417/USD/pxr/usd/usdGeom/xformable.cpp -- The xformOp 'xformOp:translate' already exists in xforSaved /tmp/phase11-soap-to-dish-nomdl-relink-cam4/tabletop_overview.png
mOpOrder [[xformOp:translate, xformOp:orient, xformOp:scale, xformOp:rotateX:unitsResolve]].

2026-07-04 21:38:49 [16,046ms] [Warning] [omni.usd] Coding Error: in AddXformOp at line 190 of /buildAgent/work/ac88d7d902b57417/USD/pxr/usd/usdGeom/xformable.cpp -- The xformOp 'xformOp:orient' already exists in xformOpOrder [[xformOp:translate, xformOp:orient, xformOp:scale, xformOp:rotateX:unitsResolve]].

2026-07-04 21:38:49 [16,046ms] [Warning] [omni.usd] Coding Error: in AddXformOp at line 190 of /buildAgent/work/ac88d7d902b57417/USD/pxr/usd/usdGeom/xformable.cpp -- The xformOp 'xformOp:scale' already exists in xformOpOrder [[xformOp:translate, xformOp:orient, xformOp:scale, xformOp:rotateX:unitsResolve]].

2026-07-04 21:38:49 [16,047ms] [Warning] [omni.physx.plugin] The rigid body at /World/Instances/lift2_robot_asset/Asset/lift2/lift2/dummy_base_rotate has a possibly invalid inertia tensor of {1.0, 1.0, 1.0} and a negative mass, small sphere approximated inertia was used. Either specify correct values in the mass properties, or add collider(s) to any shape(s) that you wish to automatically compute mass properties for.
2026-07-04 21:38:49 [16,047ms] [Warning] [omni.physx.plugin] The rigid body at /World/Instances/lift2_robot_asset/Asset/lift2/lift2/dummy_base_x has a possibly invalid inertia tensor of {1.0, 1.0, 1.0} and a negative mass, small sphere approximated inertia was used. Either specify correct values in the mass properties, or add collider(s) to any shape(s) that you wish to automatically compute mass properties for.
2026-07-04 21:38:49 [16,047ms] [Warning] [omni.physx.plugin] The rigid body at /World/Instances/lift2_robot_asset/Asset/lift2/lift2/dummy_base_y has a possibly invalid inertia tensor of {1.0, 1.0, 1.0} and a negative mass, small sphere approximated inertia was used. Either specify correct values in the mass properties, or add collider(s) to any shape(s) that you wish to automatically compute mass properties for.
2026-07-04 21:38:50 [16,542ms] [Warning] [omni.syntheticdata.plugin] OgnSdPostRenderVarToHost : rendervar copy from texture directly to host buffer is counter-performant. Please use copy from texture to device buffer first.
2026-07-04 21:38:51 [17,442ms] [Warning] [carb.windowing-glfw.plugin] GLFW initialization failed.
2026-07-04 21:38:51 [17,443ms] [Warning] [carb] Failed to startup plugin carb.windowing-glfw.plugin (interfaces: [carb::windowing::IGLContext v1.0],[carb::windowing::IWindowing v1.4]) (impl: carb.windowing-glfw.plugin)
2026-07-04 21:38:51 [17,689ms] [Warning] [carb] Plugin interface for a client: omni.hydratexture.plugin was already released.
2026-07-04 21:38:51 [17,689ms] [Warning] [omni.usd] Unexpected reference count of 2 for UsdStage '/tmp/ebench-soap-to-dish-canary-nomdl-relink/scene/main.usda' while being closed in UsdContext (this may indicate it is still resident in memory).
[17.804s] Simulation App Shutting Down
RENDER_EXIT_STATUS=0
