2026-07-05 06:08:52,290 [INFO] IsaacWorker-scenario_forge_phase11_soap_to_dish_completed_20260704T220735Z-0: ===== IsaacWorker 0 started =====
2026-07-05 06:08:52,290 [INFO] IsaacWorker-scenario_forge_phase11_soap_to_dish_completed_20260704T220735Z-0: CUDA_VISIBLE_DEVICES = 0
2026-07-05 06:08:52,290 [INFO] IsaacWorker-scenario_forge_phase11_soap_to_dish_completed_20260704T220735Z-0: torch.cuda.device_count() = 1
2026-07-05 06:08:52,290 [INFO] IsaacWorker-scenario_forge_phase11_soap_to_dish_completed_20260704T220735Z-0: torch device 0: NVIDIA GeForce RTX 4090
2026-07-05 06:08:52,357 [INFO] IsaacWorker-scenario_forge_phase11_soap_to_dish_completed_20260704T220735Z-0: asyncio event loop policy before IsaacSim startup: uvloop.EventLoopPolicy
2026-07-05 06:08:52,357 [INFO] IsaacWorker-scenario_forge_phase11_soap_to_dish_completed_20260704T220735Z-0: asyncio event loop policy for IsaacSim startup: asyncio.unix_events._UnixDefaultEventLoopPolicy
2026-07-05 06:08:52,492 [INFO] IsaacWorker-scenario_forge_phase11_soap_to_dish_completed_20260704T220735Z-0: Starting kit application with the following args:  ['/cpfs/shared/simulation/zhuzihou/dev/conda-managed/envs/embodied-eval-os-sim-isaacsim41-genmanip-py310/lib/python3.10/site-packages/isaacsim/exts/omni.isaac.kit/omni/isaac/kit/simulation_app.py', '/cpfs/shared/simulation/zhuzihou/dev/conda-managed/envs/embodied-eval-os-sim-isaacsim41-genmanip-py310/lib/python3.10/site-packages/isaacsim/apps/omni.isaac.sim.python.kit', '--/app/tokens/exe-path=/cpfs/shared/simulation/zhuzihou/dev/conda-managed/envs/embodied-eval-os-sim-isaacsim41-genmanip-py310/lib/python3.10/site-packages/omni', '--/persistent/app/viewport/displayOptions=3094', '--/rtx/materialDb/syncLoads=True', '--/rtx/hydra/materialSyncLoads=True', '--/omni.kit.plugin/syncUsdLoads=True', '--/app/renderer/resolution/width=1280', '--/app/renderer/resolution/height=720', '--/app/window/width=1440', '--/app/window/height=900', '--/renderer/multiGpu/enabled=False', '--/app/fastShutdown=True', '--ext-folder', '/cpfs/shared/simulation/zhuzihou/dev/conda-managed/envs/embodied-eval-os-sim-isaacsim41-genmanip-py310/lib/python3.10/site-packages/isaacsim/exts', '--ext-folder', '/cpfs/shared/simulation/zhuzihou/dev/conda-managed/envs/embodied-eval-os-sim-isaacsim41-genmanip-py310/lib/python3.10/site-packages/isaacsim/apps', '--/physics/cudaDevice=0', '--portable', '--no-window', '--/app/window/hideUi=1', '--allow-root']
2026-07-05 06:08:52,492 [INFO] IsaacWorker-scenario_forge_phase11_soap_to_dish_completed_20260704T220735Z-0: Passing the following args to the base kit application:  ['--node-ip-address=10.150.153.120', '--node-manager-port=43877', '--object-store-name=/tmp/ray/session_2026-07-05_06-07-41_600999_1219389/sockets/plasma_store', '--raylet-name=/tmp/ray/session_2026-07-05_06-07-41_600999_1219389/sockets/raylet', '--redis-address=None', '--metrics-agent-port=59012', '--logging-rotate-bytes=536870912', '--logging-rotate-backup-count=5', '--runtime-env-agent-port=64212', '--gcs-address=10.150.153.120:54854', '--session-name=session_2026-07-05_06-07-41_600999_1219389', '--temp-dir=/tmp/ray', '--webui=127.0.0.1:8265', '--cluster-id=1fb9137e9a5499d984ccb27d7a4f031a3461ce5fb33d742dd8816ae8', '--startup-token=14', '--worker-launch-time-ms=1783202928578', '--node-id=6ca18fd40b04ad09b47ce455878afb8e940d8eb3c603b01d7c2760dc', '--runtime-env-hash=918365709', '--enable-resource-isolation=false']
2026-07-05 06:09:03,016 [INFO] IsaacWorker-scenario_forge_phase11_soap_to_dish_completed_20260704T220735Z-0: Warp 1.2.1 initialized:
2026-07-05 06:09:03,016 [INFO] IsaacWorker-scenario_forge_phase11_soap_to_dish_completed_20260704T220735Z-0:    CUDA Toolkit 11.8, Driver 12.8
2026-07-05 06:09:03,016 [INFO] IsaacWorker-scenario_forge_phase11_soap_to_dish_completed_20260704T220735Z-0:    Devices:
2026-07-05 06:09:03,016 [INFO] IsaacWorker-scenario_forge_phase11_soap_to_dish_completed_20260704T220735Z-0:      "cpu"      : "x86_64"
2026-07-05 06:09:03,016 [INFO] IsaacWorker-scenario_forge_phase11_soap_to_dish_completed_20260704T220735Z-0:      "cuda:0"   : "NVIDIA GeForce RTX 4090" (44 GiB, sm_89, mempool enabled)
2026-07-05 06:09:03,016 [INFO] IsaacWorker-scenario_forge_phase11_soap_to_dish_completed_20260704T220735Z-0:    Kernel cache:
2026-07-05 06:09:03,016 [INFO] IsaacWorker-scenario_forge_phase11_soap_to_dish_completed_20260704T220735Z-0:      /cpfs/shared/simulation/zhuzihou/dev/_cache/warp/1.2.1
2026-07-05 06:09:14,969 [INFO] IsaacWorker-scenario_forge_phase11_soap_to_dish_completed_20260704T220735Z-0: IsaacWorker init finished.
2026-07-05 06:09:14,972 [INFO] IsaacWorker-scenario_forge_phase11_soap_to_dish_completed_20260704T220735Z-0: Reset called with seed=000
2026-07-05 06:09:14,972 [INFO] IsaacWorker-scenario_forge_phase11_soap_to_dish_completed_20260704T220735Z-0: Memory snapshot tag=before_reset VmRSS=4.70GiB RssAnon=2.78GiB RssFile=1.90GiB VmSize=189.56GiB VmSwap=0.00GiB
2026-07-05 06:09:14,972 [INFO] IsaacWorker-scenario_forge_phase11_soap_to_dish_completed_20260704T220735Z-0: 2026-07-05 06:09:14,972 - genmanip.utils.standalone.utils - INFO - Updated default_config for reset
2026-07-05 06:09:14,973 [INFO] IsaacWorker-scenario_forge_phase11_soap_to_dish_completed_20260704T220735Z-0: 2026-07-05 06:09:14,973 - genmanip.utils.standalone.utils - INFO - Reset start: seed=000 requested_task=ebench/mobile_manip/soap_to_dish_test_mini
2026-07-05 06:09:14,973 [INFO] IsaacWorker-scenario_forge_phase11_soap_to_dish_completed_20260704T220735Z-0: 2026-07-05 06:09:14,973 - genmanip.utils.standalone.utils - INFO - Starting new task: ebench/mobile_manip/soap_to_dish_test_mini
2026-07-05 06:09:14,973 [INFO] IsaacWorker-scenario_forge_phase11_soap_to_dish_completed_20260704T220735Z-0: 2026-07-05 06:09:14,973 - genmanip.utils.standalone.utils - INFO - Building SceneConfig
2026-07-05 06:09:14,973 [INFO] IsaacWorker-scenario_forge_phase11_soap_to_dish_completed_20260704T220735Z-0: 2026-07-05 06:09:14,973 - genmanip.utils.standalone.utils - INFO - SceneConfig ready: task=ebench/mobile_manip/soap_to_dish_test_mini num_steps=1000 physics_dt=0.03333333333333333 rendering_dt=0.03333333333333333
2026-07-05 06:09:14,973 [INFO] IsaacWorker-scenario_forge_phase11_soap_to_dish_completed_20260704T220735Z-0: 2026-07-05 06:09:14,973 - genmanip.utils.standalone.utils - INFO - Constructing Scene object
2026-07-05 06:09:15,117 [INFO] IsaacWorker-scenario_forge_phase11_soap_to_dish_completed_20260704T220735Z-0: 2026-07-05 06:09:15,117 - genmanip.utils.standalone.utils - INFO - Scene object constructed
2026-07-05 06:09:15,118 [INFO] IsaacWorker-scenario_forge_phase11_soap_to_dish_completed_20260704T220735Z-0: 2026-07-05 06:09:15,117 - genmanip.utils.standalone.utils - INFO - Initializing Scene
2026-07-05 06:09:19,943 [INFO] IsaacWorker-scenario_forge_phase11_soap_to_dish_completed_20260704T220735Z-0: [OK] GetEnableGPUDynamicsAttr().Set(False)
2026-07-05 06:09:19,943 [INFO] IsaacWorker-scenario_forge_phase11_soap_to_dish_completed_20260704T220735Z-0: [OK] GetEnableStabilizationAttr().Set(True)
2026-07-05 06:09:19,943 [INFO] IsaacWorker-scenario_forge_phase11_soap_to_dish_completed_20260704T220735Z-0: [OK] GetEnableCCDAttr().Set(False)
2026-07-05 06:09:19,943 [INFO] IsaacWorker-scenario_forge_phase11_soap_to_dish_completed_20260704T220735Z-0: [OK] GetBroadphaseTypeAttr().Set(GPU)
2026-07-05 06:09:19,944 [INFO] IsaacWorker-scenario_forge_phase11_soap_to_dish_completed_20260704T220735Z-0: [OK] GetSolverTypeAttr().Set(TGS)
2026-07-05 06:09:19,944 [INFO] IsaacWorker-scenario_forge_phase11_soap_to_dish_completed_20260704T220735Z-0: [OK] GetGpuTotalAggregatePairsCapacityAttr().Set(10485760)
2026-07-05 06:09:19,944 [INFO] IsaacWorker-scenario_forge_phase11_soap_to_dish_completed_20260704T220735Z-0: [OK] GetGpuFoundLostAggregatePairsCapacityAttr().Set(10485760)
2026-07-05 06:09:36,530 [ERROR] IsaacWorker-scenario_forge_phase11_soap_to_dish_completed_20260704T220735Z-0:   0%|          | 0/7 [00:00<?, ?it/s]
2026-07-05 06:09:36,685 [ERROR] IsaacWorker-scenario_forge_phase11_soap_to_dish_completed_20260704T220735Z-0:  57%|#####7    | 4/7 [00:00<00:00, 25.98it/s]
2026-07-05 06:09:36,725 [ERROR] IsaacWorker-scenario_forge_phase11_soap_to_dish_completed_20260704T220735Z-0: 100%|##########| 7/7 [00:00<00:00, 36.16it/s]
2026-07-05 06:09:36,738 [INFO] IsaacWorker-scenario_forge_phase11_soap_to_dish_completed_20260704T220735Z-0: 2026-07-05 06:09:36,738 - genmanip.utils.standalone.utils - INFO - Scene.initialize completed
2026-07-05 06:09:36,738 [INFO] IsaacWorker-scenario_forge_phase11_soap_to_dish_completed_20260704T220735Z-0: 2026-07-05 06:09:36,738 - genmanip.utils.standalone.utils - INFO - Running Scene.post_initialize
2026-07-05 06:09:41,532 [INFO] IsaacWorker-scenario_forge_phase11_soap_to_dish_completed_20260704T220735Z-0: 2026-07-05 06:09:41,532 - genmanip.utils.standalone.utils - INFO - Scene.post_initialize completed
2026-07-05 06:09:41,532 [INFO] IsaacWorker-scenario_forge_phase11_soap_to_dish_completed_20260704T220735Z-0: 2026-07-05 06:09:41,532 - genmanip.utils.standalone.utils - INFO - Removed camera1 from scene camera list
2026-07-05 06:09:41,533 [INFO] IsaacWorker-scenario_forge_phase11_soap_to_dish_completed_20260704T220735Z-0: 2026-07-05 06:09:41,533 - genmanip.utils.standalone.utils - INFO - Resetting episode: 000
2026-07-05 06:09:41,533 [INFO] IsaacWorker-scenario_forge_phase11_soap_to_dish_completed_20260704T220735Z-0: 2026-07-05 06:09:41,533 - genmanip.utils.standalone.utils - INFO - Setting up episode layout
2026-07-05 06:09:41,540 [INFO] IsaacWorker-scenario_forge_phase11_soap_to_dish_completed_20260704T220735Z-0: Object soap6 loading
2026-07-05 06:09:41,540 [INFO] IsaacWorker-scenario_forge_phase11_soap_to_dish_completed_20260704T220735Z-0: Adding USD to world: /cpfs/shared/simulation/zhuzihou/dev/GenManip/saved/assets/object_usds/custom_usd/ebench_usds/soap/ready/soap6/soap6.usd to /World/_scene/obj_soap6
2026-07-05 06:09:41,547 [INFO] IsaacWorker-scenario_forge_phase11_soap_to_dish_completed_20260704T220735Z-0: CollisionAPI applied to /World/_scene/obj_soap6
2026-07-05 06:09:41,551 [INFO] IsaacWorker-scenario_forge_phase11_soap_to_dish_completed_20260704T220735Z-0: RigidBodyAPI applied to /World/_scene/obj_soap6
2026-07-05 06:09:41,633 [INFO] IsaacWorker-scenario_forge_phase11_soap_to_dish_completed_20260704T220735Z-0: Object soap6 loaded
2026-07-05 06:09:41,645 [ERROR] IsaacWorker-scenario_forge_phase11_soap_to_dish_completed_20260704T220735Z-0:   0%|          | 0/8 [00:00<?, ?it/s]
2026-07-05 06:09:41,806 [ERROR] IsaacWorker-scenario_forge_phase11_soap_to_dish_completed_20260704T220735Z-0:  50%|#####     | 4/8 [00:00<00:00, 24.92it/s]
2026-07-05 06:09:41,858 [ERROR] IsaacWorker-scenario_forge_phase11_soap_to_dish_completed_20260704T220735Z-0: 100%|##########| 8/8 [00:00<00:00, 37.56it/s]
2026-07-05 06:09:44,215 [INFO] IsaacWorker-scenario_forge_phase11_soap_to_dish_completed_20260704T220735Z-0: put soap6 to the top of _01
2026-07-05 06:09:44,215 [INFO] IsaacWorker-scenario_forge_phase11_soap_to_dish_completed_20260704T220735Z-0: ----------------------------------------------------------------------------------------------------
2026-07-05 06:09:44,215 [INFO] IsaacWorker-scenario_forge_phase11_soap_to_dish_completed_20260704T220735Z-0: 2026-07-05 06:09:44,215 - genmanip.utils.standalone.utils - INFO - Episode layout ready
2026-07-05 06:09:44,215 [INFO] IsaacWorker-scenario_forge_phase11_soap_to_dish_completed_20260704T220735Z-0: 2026-07-05 06:09:44,215 - genmanip.utils.standalone.utils - INFO - Reading initial robot joint positions
2026-07-05 06:09:44,216 [INFO] IsaacWorker-scenario_forge_phase11_soap_to_dish_completed_20260704T220735Z-0: 2026-07-05 06:09:44,216 - genmanip.utils.standalone.utils - INFO - Initializing last end-effector pose
2026-07-05 06:09:44,222 [INFO] IsaacWorker-scenario_forge_phase11_soap_to_dish_completed_20260704T220735Z-0: 2026-07-05 06:09:44,222 - genmanip.utils.standalone.utils - INFO - Collecting initial observation
2026-07-05 06:09:44,426 [INFO] IsaacWorker-scenario_forge_phase11_soap_to_dish_completed_20260704T220735Z-0: 2026-07-05 06:09:44,426 - genmanip.utils.standalone.utils - INFO - Initial observation collected
2026-07-05 06:09:44,426 [INFO] IsaacWorker-scenario_forge_phase11_soap_to_dish_completed_20260704T220735Z-0: 2026-07-05 06:09:44,426 - genmanip.utils.standalone.utils - INFO - Reset complete: task=ebench/mobile_manip/soap_to_dish_test_mini seed=000
2026-07-05 06:09:44,427 [INFO] IsaacWorker-scenario_forge_phase11_soap_to_dish_completed_20260704T220735Z-0: Memory snapshot tag=after_reset VmRSS=6.37GiB RssAnon=3.81GiB RssFile=2.26GiB VmSize=194.52GiB VmSwap=0.00GiB
2026-07-05 06:09:44,427 [INFO] IsaacWorker-scenario_forge_phase11_soap_to_dish_completed_20260704T220735Z-0: Running Task: ebench/mobile_manip/soap_to_dish_test_mini, Seed: 000, reset_time=29.4543s
2026-07-05 06:10:05,177 [INFO] IsaacWorker-scenario_forge_phase11_soap_to_dish_completed_20260704T220735Z-0: 2026-07-05 06:10:05,177 - genmanip.utils.standalone.utils - DEBUG - [phase] total=38.550s | get_obs=177.5ms(100,46.1%) get_obs.record=135.6ms(101,35.5%) get_obs.camera=26.4ms(101,6.9%) world_step=20.7ms(100,5.4%) get_obs.jpeg=14.9ms(101,3.9%) metric_step=7.2ms(100,1.9%) get_obs.fk=0.7ms(101,0.2%) set_action=0.2ms(100,0.0%) prev_state=0.1ms(100,0.0%) get_obs.serialize=0.1ms(101,0.0%) invalid_check=0.1ms(100,0.0%) post_jp=0.1ms(100,0.0%)
2026-07-05 06:10:26,038 [INFO] IsaacWorker-scenario_forge_phase11_soap_to_dish_completed_20260704T220735Z-0: 2026-07-05 06:10:26,038 - genmanip.utils.standalone.utils - DEBUG - [phase] total=38.933s | get_obs=180.9ms(100,46.5%) get_obs.record=138.5ms(100,35.6%) get_obs.camera=26.6ms(100,6.8%) world_step=19.9ms(100,5.1%) get_obs.jpeg=14.8ms(100,3.8%) metric_step=7.2ms(100,1.9%) get_obs.fk=0.7ms(100,0.2%) set_action=0.2ms(100,0.0%) prev_state=0.1ms(100,0.0%) invalid_check=0.1ms(100,0.0%) get_obs.serialize=0.1ms(100,0.0%) post_jp=0.1ms(100,0.0%)
2026-07-05 06:10:46,997 [INFO] IsaacWorker-scenario_forge_phase11_soap_to_dish_completed_20260704T220735Z-0: 2026-07-05 06:10:46,997 - genmanip.utils.standalone.utils - DEBUG - [phase] total=39.158s | get_obs=182.1ms(100,46.5%) get_obs.record=139.8ms(100,35.7%) get_obs.camera=26.6ms(100,6.8%) world_step=19.6ms(100,5.0%) get_obs.jpeg=14.8ms(100,3.8%) metric_step=7.3ms(100,1.9%) get_obs.fk=0.7ms(100,0.2%) set_action=0.2ms(100,0.0%) prev_state=0.1ms(100,0.0%) get_obs.serialize=0.1ms(100,0.0%) invalid_check=0.1ms(100,0.0%) post_jp=0.1ms(100,0.0%)
2026-07-05 06:11:08,094 [INFO] IsaacWorker-scenario_forge_phase11_soap_to_dish_completed_20260704T220735Z-0: 2026-07-05 06:11:08,094 - genmanip.utils.standalone.utils - DEBUG - [phase] total=39.274s | get_obs=181.9ms(100,46.3%) get_obs.record=139.3ms(100,35.5%) get_obs.camera=26.7ms(100,6.8%) world_step=20.9ms(100,5.3%) get_obs.jpeg=15.0ms(100,3.8%) metric_step=7.5ms(100,1.9%) get_obs.fk=0.8ms(100,0.2%) set_action=0.2ms(100,0.1%) prev_state=0.1ms(100,0.0%) get_obs.serialize=0.1ms(100,0.0%) invalid_check=0.1ms(100,0.0%) post_jp=0.1ms(100,0.0%)
2026-07-05 06:11:29,186 [INFO] IsaacWorker-scenario_forge_phase11_soap_to_dish_completed_20260704T220735Z-0: 2026-07-05 06:11:29,186 - genmanip.utils.standalone.utils - DEBUG - [phase] total=39.370s | get_obs=182.9ms(100,46.5%) get_obs.record=140.3ms(100,35.6%) get_obs.camera=26.7ms(100,6.8%) world_step=20.0ms(100,5.1%) get_obs.jpeg=15.0ms(100,3.8%) metric_step=7.4ms(100,1.9%) get_obs.fk=0.7ms(100,0.2%) set_action=0.2ms(100,0.0%) prev_state=0.1ms(100,0.0%) invalid_check=0.1ms(100,0.0%) get_obs.serialize=0.1ms(100,0.0%) post_jp=0.1ms(100,0.0%)
2026-07-05 06:11:50,399 [INFO] IsaacWorker-scenario_forge_phase11_soap_to_dish_completed_20260704T220735Z-0: 2026-07-05 06:11:50,399 - genmanip.utils.standalone.utils - DEBUG - [phase] total=39.417s | get_obs=182.2ms(100,46.2%) get_obs.record=138.9ms(100,35.2%) get_obs.camera=26.7ms(100,6.8%) world_step=21.9ms(100,5.6%) get_obs.jpeg=15.7ms(100,4.0%) metric_step=7.4ms(100,1.9%) get_obs.fk=0.8ms(100,0.2%) set_action=0.2ms(100,0.1%) prev_state=0.1ms(100,0.0%) get_obs.serialize=0.1ms(100,0.0%) invalid_check=0.1ms(100,0.0%) post_jp=0.1ms(100,0.0%)
2026-07-05 06:12:11,750 [INFO] IsaacWorker-scenario_forge_phase11_soap_to_dish_completed_20260704T220735Z-0: 2026-07-05 06:12:11,749 - genmanip.utils.standalone.utils - DEBUG - [phase] total=39.807s | get_obs=184.7ms(100,46.4%) get_obs.record=142.1ms(100,35.7%) get_obs.camera=26.7ms(100,6.7%) world_step=20.8ms(100,5.2%) get_obs.jpeg=15.0ms(100,3.8%) metric_step=7.4ms(100,1.9%) get_obs.fk=0.8ms(100,0.2%) set_action=0.2ms(100,0.1%) prev_state=0.1ms(100,0.0%) get_obs.serialize=0.1ms(100,0.0%) invalid_check=0.1ms(100,0.0%) post_jp=0.1ms(100,0.0%)
2026-07-05 06:12:33,776 [INFO] IsaacWorker-scenario_forge_phase11_soap_to_dish_completed_20260704T220735Z-0: 2026-07-05 06:12:33,776 - genmanip.utils.standalone.utils - DEBUG - [phase] total=41.173s | get_obs=191.6ms(100,46.5%) get_obs.record=149.0ms(100,36.2%) get_obs.camera=26.7ms(100,6.5%) world_step=20.7ms(100,5.0%) get_obs.jpeg=15.0ms(100,3.6%) metric_step=7.4ms(100,1.8%) get_obs.fk=0.7ms(100,0.2%) set_action=0.2ms(100,0.0%) prev_state=0.1ms(100,0.0%) get_obs.serialize=0.1ms(100,0.0%) invalid_check=0.1ms(100,0.0%) post_jp=0.1ms(100,0.0%)
2026-07-05 06:12:55,887 [INFO] IsaacWorker-scenario_forge_phase11_soap_to_dish_completed_20260704T220735Z-0: 2026-07-05 06:12:55,887 - genmanip.utils.standalone.utils - DEBUG - [phase] total=41.202s | get_obs=191.1ms(100,46.4%) get_obs.record=147.4ms(100,35.8%) get_obs.camera=26.9ms(100,6.5%) world_step=21.9ms(100,5.3%) get_obs.jpeg=15.9ms(100,3.9%) metric_step=7.6ms(100,1.8%) get_obs.fk=0.8ms(100,0.2%) set_action=0.2ms(100,0.0%) prev_state=0.1ms(100,0.0%) get_obs.serialize=0.1ms(100,0.0%) invalid_check=0.1ms(100,0.0%) post_jp=0.1ms(100,0.0%)
2026-07-05 06:13:17,767 [INFO] IsaacWorker-scenario_forge_phase11_soap_to_dish_completed_20260704T220735Z-0: 2026-07-05 06:13:17,767 - genmanip.utils.standalone.utils - DEBUG - [phase] total=40.880s | get_obs=190.1ms(100,46.5%) get_obs.record=147.6ms(100,36.1%) get_obs.camera=26.7ms(100,6.5%) world_step=20.5ms(100,5.0%) get_obs.jpeg=14.9ms(100,3.7%) metric_step=7.6ms(100,1.8%) get_obs.fk=0.7ms(100,0.2%) set_action=0.2ms(100,0.0%) prev_state=0.1ms(100,0.0%) invalid_check=0.1ms(100,0.0%) get_obs.serialize=0.1ms(100,0.0%) post_jp=0.1ms(100,0.0%)
2026-07-05 06:13:17,768 [INFO] IsaacWorker-scenario_forge_phase11_soap_to_dish_completed_20260704T220735Z-0: Episode done in chunk. executed=1000 chunk_time=213.1977 avg_step_time=0.2132 total_step_time=213.1977 step_count=1000 info={'info': 0.0}
2026-07-05 06:13:17,773 [INFO] IsaacWorker-scenario_forge_phase11_soap_to_dish_completed_20260704T220735Z-0: post_episode_process finished result=0.0 has_finalize_payload=True elapsed=0.0001s
2026-07-05 06:13:18,331 [INFO] IsaacWorker-scenario_forge_phase11_soap_to_dish_completed_20260704T220735Z-0: Reset called with seed=001
2026-07-05 06:13:18,331 [INFO] IsaacWorker-scenario_forge_phase11_soap_to_dish_completed_20260704T220735Z-0: Memory snapshot tag=before_reset VmRSS=6.87GiB RssAnon=4.03GiB RssFile=2.32GiB VmSize=194.80GiB VmSwap=0.00GiB
2026-07-05 06:13:18,331 [INFO] IsaacWorker-scenario_forge_phase11_soap_to_dish_completed_20260704T220735Z-0: 2026-07-05 06:13:18,331 - genmanip.utils.standalone.utils - INFO - Reset start: seed=001 requested_task=ebench/mobile_manip/soap_to_dish_test_mini
2026-07-05 06:13:18,332 [INFO] IsaacWorker-scenario_forge_phase11_soap_to_dish_completed_20260704T220735Z-0: 2026-07-05 06:13:18,331 - genmanip.utils.standalone.utils - INFO - Task unchanged; reusing existing scene for task=ebench/mobile_manip/soap_to_dish_test_mini
2026-07-05 06:13:18,332 [INFO] IsaacWorker-scenario_forge_phase11_soap_to_dish_completed_20260704T220735Z-0: 2026-07-05 06:13:18,332 - genmanip.utils.standalone.utils - INFO - Resetting episode: 001
2026-07-05 06:13:18,332 [INFO] IsaacWorker-scenario_forge_phase11_soap_to_dish_completed_20260704T220735Z-0: 2026-07-05 06:13:18,332 - genmanip.utils.standalone.utils - INFO - Setting up episode layout
2026-07-05 06:13:18,342 [INFO] IsaacWorker-scenario_forge_phase11_soap_to_dish_completed_20260704T220735Z-0: Object soap1c loading
2026-07-05 06:13:18,342 [INFO] IsaacWorker-scenario_forge_phase11_soap_to_dish_completed_20260704T220735Z-0: Adding USD to world: /cpfs/shared/simulation/zhuzihou/dev/GenManip/saved/assets/object_usds/custom_usd/ebench_usds/soap/ready/soap1c/soap1c.usd to /World/_scene/obj_soap1c
2026-07-05 06:13:18,353 [INFO] IsaacWorker-scenario_forge_phase11_soap_to_dish_completed_20260704T220735Z-0: CollisionAPI applied to /World/_scene/obj_soap1c
2026-07-05 06:13:18,358 [INFO] IsaacWorker-scenario_forge_phase11_soap_to_dish_completed_20260704T220735Z-0: RigidBodyAPI applied to /World/_scene/obj_soap1c
2026-07-05 06:13:18,585 [INFO] IsaacWorker-scenario_forge_phase11_soap_to_dish_completed_20260704T220735Z-0: Object soap1c loaded
2026-07-05 06:13:18,597 [ERROR] IsaacWorker-scenario_forge_phase11_soap_to_dish_completed_20260704T220735Z-0:   0%|          | 0/8 [00:00<?, ?it/s]
2026-07-05 06:13:18,697 [ERROR] IsaacWorker-scenario_forge_phase11_soap_to_dish_completed_20260704T220735Z-0:  25%|##5       | 2/8 [00:00<00:00, 19.99it/s]
2026-07-05 06:13:18,822 [ERROR] IsaacWorker-scenario_forge_phase11_soap_to_dish_completed_20260704T220735Z-0:  75%|#######5  | 6/8 [00:00<00:00, 27.65it/s]
2026-07-05 06:13:18,842 [ERROR] IsaacWorker-scenario_forge_phase11_soap_to_dish_completed_20260704T220735Z-0: 100%|##########| 8/8 [00:00<00:00, 32.70it/s]
2026-07-05 06:13:21,506 [INFO] IsaacWorker-scenario_forge_phase11_soap_to_dish_completed_20260704T220735Z-0: put soap1c to the top of _01
2026-07-05 06:13:21,506 [INFO] IsaacWorker-scenario_forge_phase11_soap_to_dish_completed_20260704T220735Z-0: ----------------------------------------------------------------------------------------------------
2026-07-05 06:13:21,506 [INFO] IsaacWorker-scenario_forge_phase11_soap_to_dish_completed_20260704T220735Z-0: 2026-07-05 06:13:21,506 - genmanip.utils.standalone.utils - INFO - Episode layout ready
2026-07-05 06:13:21,506 [INFO] IsaacWorker-scenario_forge_phase11_soap_to_dish_completed_20260704T220735Z-0: 2026-07-05 06:13:21,506 - genmanip.utils.standalone.utils - INFO - Reading initial robot joint positions
2026-07-05 06:13:21,506 [INFO] IsaacWorker-scenario_forge_phase11_soap_to_dish_completed_20260704T220735Z-0: 2026-07-05 06:13:21,506 - genmanip.utils.standalone.utils - INFO - Initializing last end-effector pose
2026-07-05 06:13:21,522 [INFO] IsaacWorker-scenario_forge_phase11_soap_to_dish_completed_20260704T220735Z-0: 2026-07-05 06:13:21,522 - genmanip.utils.standalone.utils - INFO - Collecting initial observation
2026-07-05 06:13:21,644 [INFO] IsaacWorker-scenario_forge_phase11_soap_to_dish_completed_20260704T220735Z-0: 2026-07-05 06:13:21,644 - genmanip.utils.standalone.utils - INFO - Initial observation collected
2026-07-05 06:13:21,644 [INFO] IsaacWorker-scenario_forge_phase11_soap_to_dish_completed_20260704T220735Z-0: 2026-07-05 06:13:21,644 - genmanip.utils.standalone.utils - INFO - Reset complete: task=ebench/mobile_manip/soap_to_dish_test_mini seed=001
2026-07-05 06:13:21,644 [INFO] IsaacWorker-scenario_forge_phase11_soap_to_dish_completed_20260704T220735Z-0: Memory snapshot tag=after_reset VmRSS=6.84GiB RssAnon=4.05GiB RssFile=2.25GiB VmSize=194.81GiB VmSwap=0.00GiB
2026-07-05 06:13:21,644 [INFO] IsaacWorker-scenario_forge_phase11_soap_to_dish_completed_20260704T220735Z-0: Running Task: ebench/mobile_manip/soap_to_dish_test_mini, Seed: 001, reset_time=3.3137s
