Phase 11.2 soap-to-dish EOS completed episode evidence.
package_id=ebench_soap_to_dish_canary
task_id=mobile_manip/soap_to_dish
runtime_owner=embodied-eval-os
run_id=scenario_forge_phase11_soap_to_dish_completed_20260704T220735Z
server_url=http://127.0.0.1:18351
start_new_job_status=200
start_new_job_success=true
smoke_run_command=python -m adapters.ebench.smoke_run --task-config /cpfs/shared/simulation/zhuzihou/dev/GenManip/configs/tasks/ebench/mobile_manip/test_mini/soap_to_dish.yml --server-url http://127.0.0.1:18351 --worker-id 0 --trace-dir /tmp/scenario-forge-phase11-soap-to-dish-completed-trace --max-policy-calls 1000 --step-chunk-size 1000 --reset-result-timeout-s 900
episode_id=ebench/scenario_forge_phase11_soap_to_dish_completed_20260704T220735Z/ebench/mobile_manip/soap_to_dish_test_mini/000
runtime_status=executed
trace_source=/tmp/scenario-forge-phase11-soap-to-dish-completed-trace/ebench/scenario_forge_phase11_soap_to_dish_completed_20260704T220735Z/ebench/mobile_manip/soap_to_dish_test_mini/000.json
result_root=/cpfs/shared/simulation/zhuzihou/dev/GenManip/saved/eval_results/ebench/scenario_forge_phase11_soap_to_dish_completed_20260704T220735Z/ebench/mobile_manip/soap_to_dish_test_mini/000
initial_keyframe_source=/cpfs/shared/simulation/zhuzihou/dev/GenManip/saved/eval_results/ebench/scenario_forge_phase11_soap_to_dish_completed_20260704T220735Z/ebench/mobile_manip/soap_to_dish_test_mini/000/dceb9f04325f433faea76a1aa2ccedff/overlook_camera/00000.png
final_keyframe_source=/cpfs/shared/simulation/zhuzihou/dev/GenManip/saved/eval_results/ebench/scenario_forge_phase11_soap_to_dish_completed_20260704T220735Z/ebench/mobile_manip/soap_to_dish_test_mini/000/dceb9f04325f433faea76a1aa2ccedff/overlook_camera/01000.png
terminal_episode_result={"episode_id": "ebench/scenario_forge_phase11_soap_to_dish_completed_20260704T220735Z/ebench/mobile_manip/soap_to_dish_test_mini/000", "score": 0.0, "seed": "000", "sr": 0.0, "task_name": "ebench/mobile_manip/soap_to_dish_test_mini"}
step_execution={"executed_steps": 1000, "mode": "step_chunk", "native_step_end": 1000, "native_step_start": 1, "requested_steps": 1000, "stopped_early": true}
server_log=/cpfs/shared/simulation/zhuzihou/dev/GenManip/logs/scenario_forge_phase11_soap_to_dish_completed_20260704T220735Z/server_20260705_060746_448435.log
worker_pool_log=/cpfs/shared/simulation/zhuzihou/dev/GenManip/logs/scenario_forge_phase11_soap_to_dish_completed_20260704T220735Z/worker_pool_20260705_060746_451022.log
worker_log=/cpfs/shared/simulation/zhuzihou/dev/GenManip/logs/scenario_forge_phase11_soap_to_dish_completed_20260704T220735Z/worker/pool_20260705_060746_451022_worker_0_20260705_060852_288028.log
claim_boundary=Completed episode artifact evidence only; not task success, model quality, official EBench score, physics fidelity, release approval, or leaderboard evidence.
